Component: ARM Compiler 5.06 update 4 (build 422) Tool: armlink [4d35d2]

==============================================================================

Section Cross References

    adc_calcu.o(i.AlmErr10min) refers to adc_calcu.o(i.ReadADCValue) for ReadADCValue
    adc_calcu.o(i.AlmErr10min) refers to aeabi_sdiv.o(.text) for __aeabi_idivmod
    adc_calcu.o(i.AlmErr10min) refers to uart_gsm.o(i.ComUDP) for ComUDP
    adc_calcu.o(i.AlmErr10min) refers to adc_calcu.o(.data) for FlagAlmH
    adc_calcu.o(i.AlmErr10min) refers to uart_gsm.o(.constdata) for tbl_ascii
    adc_calcu.o(i.AlmErrWat) refers to adc_calcu.o(i.ReadADCValue) for ReadADCValue
    adc_calcu.o(i.AlmErrWat) refers to aeabi_sdiv.o(.text) for __aeabi_idivmod
    adc_calcu.o(i.AlmErrWat) refers to uart_gsm.o(i.ComUDP) for ComUDP
    adc_calcu.o(i.AlmErrWat) refers to adc_calcu.o(.data) for FlagAlmH
    adc_calcu.o(i.AlmErrWat) refers to uart_gsm.o(.constdata) for tbl_ascii
    adc_calcu.o(i.CatDecAlm) refers to stm32f0xx_gpio.o(i.GPIO_ReadInputDataBit) for GPIO_ReadInputDataBit
    adc_calcu.o(i.CatDecAlm) refers to stm32f0xx_gpio.o(i.GPIO_ResetBits) for GPIO_ResetBits
    adc_calcu.o(i.CatDecAlm) refers to main.o(i.DelayNms) for DelayNms
    adc_calcu.o(i.CatDecAlm) refers to stm32f0xx_gpio.o(i.GPIO_SetBits) for GPIO_SetBits
    adc_calcu.o(i.CatDecAlm) refers to adc_calcu.o(i.AlmErrWat) for AlmErrWat
    adc_calcu.o(i.CatDecAlm) refers to uart_gsm.o(i.ComUDP) for ComUDP
    adc_calcu.o(i.CatDecAlm) refers to adc_calcu.o(.data) for CntCat
    adc_calcu.o(i.CompPT) refers to fflti.o(.text) for __aeabi_i2f
    adc_calcu.o(i.CompPT) refers to fdiv.o(.text) for __aeabi_fdiv
    adc_calcu.o(i.CompPT) refers to f2d.o(.text) for __aeabi_f2d
    adc_calcu.o(i.CompPT) refers to drlef.o(x$fpl$drleqf) for __aeabi_cdrcmple
    adc_calcu.o(i.CompPT) refers to uart_gsm.o(i.ComUDP) for ComUDP
    adc_calcu.o(i.CompPT) refers to adc_calcu.o(.data) for PT1
    adc_calcu.o(i.Hart6Hour) refers to aeabi_sdiv.o(.text) for __aeabi_idivmod
    adc_calcu.o(i.Hart6Hour) refers to uart_gsm.o(i.ComUDP) for ComUDP
    adc_calcu.o(i.Hart6Hour) refers to adc_calcu.o(.data) for FlagAlmH
    adc_calcu.o(i.Hart6Hour) refers to uart_gsm.o(.constdata) for tbl_ascii
    adc_calcu.o(i.Init_ADC) refers to stm32f0xx_rcc.o(i.RCC_APB2PeriphClockCmd) for RCC_APB2PeriphClockCmd
    adc_calcu.o(i.Init_ADC) refers to stm32f0xx_rcc.o(i.RCC_APB1PeriphClockCmd) for RCC_APB1PeriphClockCmd
    adc_calcu.o(i.Init_ADC) refers to stm32f0xx_gpio.o(i.GPIO_Init) for GPIO_Init
    adc_calcu.o(i.Init_ADC) refers to stm32f0xx_tim.o(i.TIM_DeInit) for TIM_DeInit
    adc_calcu.o(i.Init_ADC) refers to stm32f0xx_tim.o(i.TIM_TimeBaseStructInit) for TIM_TimeBaseStructInit
    adc_calcu.o(i.Init_ADC) refers to stm32f0xx_tim.o(i.TIM_OCStructInit) for TIM_OCStructInit
    adc_calcu.o(i.Init_ADC) refers to stm32f0xx_tim.o(i.TIM_TimeBaseInit) for TIM_TimeBaseInit
    adc_calcu.o(i.Init_ADC) refers to stm32f0xx_tim.o(i.TIM_SelectOutputTrigger) for TIM_SelectOutputTrigger
    adc_calcu.o(i.Init_ADC) refers to stm32f0xx_adc.o(i.ADC_DeInit) for ADC_DeInit
    adc_calcu.o(i.Init_ADC) refers to stm32f0xx_adc.o(i.ADC_Init) for ADC_Init
    adc_calcu.o(i.Init_ADC) refers to stm32f0xx_adc.o(i.ADC_ChannelConfig) for ADC_ChannelConfig
    adc_calcu.o(i.Init_ADC) refers to stm32f0xx_adc.o(i.ADC_GetCalibrationFactor) for ADC_GetCalibrationFactor
    adc_calcu.o(i.Init_ADC) refers to stm32f0xx_adc.o(i.ADC_Cmd) for ADC_Cmd
    adc_calcu.o(i.Init_ADC) refers to stm32f0xx_adc.o(i.ADC_GetFlagStatus) for ADC_GetFlagStatus
    adc_calcu.o(i.Init_ADC) refers to stm32f0xx_adc.o(i.ADC_WaitModeCmd) for ADC_WaitModeCmd
    adc_calcu.o(i.Init_ADC) refers to stm32f0xx_adc.o(i.ADC_AutoPowerOffCmd) for ADC_AutoPowerOffCmd
    adc_calcu.o(i.Init_ADC) refers to stm32f0xx_tim.o(i.TIM_Cmd) for TIM_Cmd
    adc_calcu.o(i.Init_ADC) refers to stm32f0xx_adc.o(i.ADC_StartOfConversion) for ADC_StartOfConversion
    adc_calcu.o(i.NdAlarmHandle) refers to adc_calcu.o(i.ReadBiaoding) for ReadBiaoding
    adc_calcu.o(i.NdAlarmHandle) refers to dflti.o(.text) for __aeabi_i2d
    adc_calcu.o(i.NdAlarmHandle) refers to daddsub.o(.text) for __aeabi_dsub
    adc_calcu.o(i.NdAlarmHandle) refers to dmul.o(.text) for __aeabi_dmul
    adc_calcu.o(i.NdAlarmHandle) refers to ddiv.o(.text) for __aeabi_ddiv
    adc_calcu.o(i.NdAlarmHandle) refers to log10.o(i.log10) for log10
    adc_calcu.o(i.NdAlarmHandle) refers to pow.o(i.pow) for pow
    adc_calcu.o(i.NdAlarmHandle) refers to drlef.o(x$fpl$drleqf) for __aeabi_cdrcmple
    adc_calcu.o(i.NdAlarmHandle) refers to dfixui.o(.text) for __aeabi_d2uiz
    adc_calcu.o(i.NdAlarmHandle) refers to aeabi_sdiv.o(.text) for __aeabi_idivmod
    adc_calcu.o(i.NdAlarmHandle) refers to adc_calcu.o(.data) for VoltageRs
    adc_calcu.o(i.NdAlarmHandle) refers to adc_calcu.o(.constdata) for Resistor0
    adc_calcu.o(i.NdBiaoding) refers to adc_calcu.o(i.ReadADCValue) for ReadADCValue
[...]
    i.USART1_IRQHandler                      0x080060c8   Section        0  rs485.o(i.USART1_IRQHandler)
    i.USART2SendStr                          0x08006200   Section        0  uart_gsm.o(i.USART2SendStr)
    i.USART2VarInit                          0x0800628c   Section        0  uart_gsm.o(i.USART2VarInit)
    i.USART2_IRQHandler                      0x08006314   Section        0  uart_gsm.o(i.USART2_IRQHandler)
    i.USART_ClearFlag                        0x08006438   Section        0  stm32f0xx_usart.o(i.USART_ClearFlag)
    i.USART_Cmd                              0x0800643c   Section        0  stm32f0xx_usart.o(i.USART_Cmd)
    i.USART_DeInit                           0x08006454   Section        0  stm32f0xx_usart.o(i.USART_DeInit)
    i.USART_GetFlagStatus                    0x08006494   Section        0  stm32f0xx_usart.o(i.USART_GetFlagStatus)
    i.USART_GetITStatus                      0x080064a8   Section        0  stm32f0xx_usart.o(i.USART_GetITStatus)
    i.USART_ITConfig                         0x080064f6   Section        0  stm32f0xx_usart.o(i.USART_ITConfig)
    i.USART_Init                             0x08006538   Section        0  stm32f0xx_usart.o(i.USART_Init)
    i.USART_SendData                         0x08006610   Section        0  stm32f0xx_usart.o(i.USART_SendData)
    i.WatDecAlm                              0x08006618   Section        0  adc_calcu.o(i.WatDecAlm)
    i.__ARM_common_switch8                   0x08006738   Section        0  rs485.o(i.__ARM_common_switch8)
    i.__ARM_fpclassify                       0x08006754   Section        0  fpclassify.o(i.__ARM_fpclassify)
    i.__kernel_poly                          0x08006780   Section        0  poly.o(i.__kernel_poly)
    i.__mathlib_dbl_divzero                  0x0800682c   Section        0  dunder.o(i.__mathlib_dbl_divzero)
    i.__mathlib_dbl_infnan                   0x08006840   Section        0  dunder.o(i.__mathlib_dbl_infnan)
    i.__mathlib_dbl_infnan2                  0x0800684a   Section        0  dunder.o(i.__mathlib_dbl_infnan2)
    i.__mathlib_dbl_invalid                  0x08006852   Section        0  dunder.o(i.__mathlib_dbl_invalid)
    i.__mathlib_dbl_overflow                 0x08006864   Section        0  dunder.o(i.__mathlib_dbl_overflow)
    i.__mathlib_dbl_underflow                0x08006878   Section        0  dunder.o(i.__mathlib_dbl_underflow)
    i.initGSM                                0x0800688c   Section        0  uart_gsm.o(i.initGSM)
    i.log                                    0x08006b70   Section        0  log.o(i.log)
    i.log10                                  0x08006ec4   Section        0  log10.o(i.log10)
    i.main                                   0x08006fb0   Section        0  main.o(i.main)
    i.pow                                    0x08007148   Section        0  pow.o(i.pow)
    i.sqrt                                   0x08007b44   Section        0  sqrt.o(i.sqrt)
    i.turOffGSM                              0x08007b8c   Section        0  uart_gsm.o(i.turOffGSM)
    i.turnOnGSM                              0x08007bb0   Section        0  uart_gsm.o(i.turnOnGSM)
    x$fpl$deqf                               0x08007be8   Section      100  deqf.o(x$fpl$deqf)
    x$fpl$dleqf                              0x08007c4c   Section      100  dlef.o(x$fpl$dleqf)
    x$fpl$drleqf                             0x08007cb0   Section      104  drlef.o(x$fpl$drleqf)
    .constdata                               0x08007d18   Section      300  adc_calcu.o(.constdata)
    x$fpl$usenofp                            0x08007d18   Section        0  usenofp.o(x$fpl$usenofp)
    .constdata                               0x08007e44   Section       76  init.o(.constdata)
    .constdata                               0x08007e90   Section      888  uart_gsm.o(.constdata)
    .constdata                               0x08008208   Section      128  ddiv.o(.constdata)
    ddiv_reciptbl                            0x08008208   Data         128  ddiv.o(.constdata)
    .constdata                               0x08008288   Section      136  pow.o(.constdata)
    bp                                       0x08008288   Data          16  pow.o(.constdata)
    dp_h                                     0x08008298   Data          16  pow.o(.constdata)
    dp_l                                     0x080082a8   Data          16  pow.o(.constdata)
    L                                        0x080082b8   Data          48  pow.o(.constdata)
    P                                        0x080082e8   Data          40  pow.o(.constdata)
    .constdata                               0x08008310   Section       56  log.o(.constdata)
    Lg2                                      0x08008310   Data          24  log.o(.constdata)
    Lg                                       0x08008328   Data          32  log.o(.constdata)
    .constdata                               0x08008348   Section        8  qnan.o(.constdata)
    .data                                    0x20000000   Section      449  adc_calcu.o(.data)
    .data                                    0x200001c4   Section       36  flashee.o(.data)
    .data                                    0x200001e8   Section       23  init.o(.data)
    .data                                    0x20000200   Section       33  main.o(.data)
    .data                                    0x20000221   Section       16  rs485.o(.data)
    .data                                    0x20000231   Section       16  rtc.o(.data)
    .data                                    0x20000244   Section       10  stm32f0xx_it.o(.data)
    .data                                    0x2000024e   Section      422  uart_gsm.o(.data)
    .data                                    0x200003f4   Section       16  stm32f0xx_rcc.o(.data)
    APBAHBPrescTable                         0x200003f4   Data          16  stm32f0xx_rcc.o(.data)
    .bss                                     0x20000404   Section      488  flashee.o(.bss)
    .bss                                     0x200005ec   Section       92  init.o(.bss)
    .bss                                     0x20000648   Section       80  rs485.o(.bss)
    .bss                                     0x20000698   Section       22  rtc.o(.bss)
    .bss                                     0x200006ae   Section      341  uart_gsm.o(.bss)
    .bss                                     0x20000804   Section       96  libspace.o(.bss)
    HEAP                                     0x20000868   Section      512  startup_stm32f0xx.o(HEAP)
    Heap_Mem                                 0x20000868   Data         512  startup_stm32f0xx.o(HEAP)
    STACK                                    0x20000a68   Section     1024  startup_stm32f0xx.o(STACK)
    Stack_Mem                                0x20000a68   Data        1024  startup_stm32f0xx.o(STACK)
    __initial_sp                             0x20000e68   Data           0  startup_stm32f0xx.o(STACK)

    Global Symbols

    Symbol Name                              Value     Ov Type        Size  Object(Section)

    BuildAttributes$$THM_ISAv3M$S$PE$A:L22$X:L11$S22$IEEE1$IW$USESV6$~STKCKD$USESV7$~SHL$OTIME$ROPI$IEEEX$EBA8$UX$STANDARDLIB$REQ8$PRES8$EABIv2 0x00000000   Number         0  anon$$obj.o ABSOLUTE
    __ARM_use_no_argv                        0x00000000   Number         0  main.o ABSOLUTE
    __ARM_exceptions_init                     - Undefined Weak Reference
    __alloca_initialize                       - Undefined Weak Reference
    __arm_preinit_                            - Undefined Weak Reference
    __cpp_initialize__aeabi_                  - Undefined Weak Reference
    __cxa_finalize                            - Undefined Weak Reference
    __rt_locale                               - Undefined Weak Reference
    __sigvec_lookup                           - Undefined Weak Reference
    _atexit_init                              - Undefined Weak Reference
    _call_atexit_fns                          - Undefined Weak Reference
    _clock_init                               - Undefined Weak Reference
    _fp_trap_init                             - Undefined Weak Reference
    _fp_trap_shutdown                         - Undefined Weak Reference
    _get_lc_collate                           - Undefined Weak Reference
    _get_lc_ctype                             - Undefined Weak Reference
    _get_lc_monetary                          - Undefined Weak Reference
    _get_lc_numeric                           - Undefined Weak Reference
    _get_lc_time                              - Undefined Weak Reference
    _getenv_init                              - Undefined Weak Reference
    _handle_redirection                       - Undefined Weak Reference
    _init_alloc                               - Undefined Weak Reference
    _init_user_alloc                          - Undefined Weak Reference
    _initio                                   - Undefined Weak Reference
    _rand_init                                - Undefined Weak Reference
    _signal_finish                            - Undefined Weak Reference
    _signal_init                              - Undefined Weak Reference
    _terminate_alloc                          - Undefined Weak Reference
    _terminate_user_alloc                     - Undefined Weak Reference
    _terminateio                              - Undefined Weak Reference
    __Vectors_Size                           0x000000c0   Number         0  startup_stm32f0xx.o ABSOLUTE
    __Vectors                                0x08000000   Data           4  startup_stm32f0xx.o(RESET)
    __Vectors_End                            0x080000c0   Data           0  startup_stm32f0xx.o(RESET)
    __main                                   0x080000c1   Thumb Code     8  __main.o(!!!main)
    __scatterload                            0x080000c9   Thumb Code     0  __scatter.o(!!!scatter)
    __scatterload_rt2                        0x080000c9   Thumb Code    52  __scatter.o(!!!scatter)
    __scatterload_rt2_thumb_only             0x080000c9   Thumb Code     0  __scatter.o(!!!scatter)
    __scatterload_null                       0x080000d9   Thumb Code     0  __scatter.o(!!!scatter)
    __scatterload_zeroinit                   0x08000105   Thumb Code    28  __scatter_zi.o(!!handler_zi)
    __rt_lib_init                            0x08000121   Thumb Code     0  libinit.o(.ARM.Collect$$libinit$$00000000)
    __rt_lib_init_alloca_1                   0x08000123   Thumb Code     0  libinit2.o(.ARM.Collect$$libinit$$0000002E)
    __rt_lib_init_argv_1                     0x08000123   Thumb Code     0  libinit2.o(.ARM.Collect$$libinit$$0000002C)
    __rt_lib_init_atexit_1                   0x08000123   Thumb Code     0  libinit2.o(.ARM.Collect$$libinit$$0000001B)
    __rt_lib_init_clock_1                    0x08000123   Thumb Code     0  libinit2.o(.ARM.Collect$$libinit$$00000021)
    __rt_lib_init_cpp_1                      0x08000123   Thumb Code     0  libinit2.o(.ARM.Collect$$libinit$$00000032)
    __rt_lib_init_exceptions_1               0x08000123   Thumb Code     0  libinit2.o(.ARM.Collect$$libinit$$00000030)
    __rt_lib_init_fp_1                       0x08000123   Thumb Code     0  libinit2.o(.ARM.Collect$$libinit$$00000002)
    __rt_lib_init_fp_trap_1                  0x08000123   Thumb Code     0  libinit2.o(.ARM.Collect$$libinit$$0000001F)
    __rt_lib_init_getenv_1                   0x08000123   Thumb Code     0  libinit2.o(.ARM.Collect$$libinit$$00000023)
    __rt_lib_init_heap_1                     0x08000123   Thumb Code     0  libinit2.o(.ARM.Collect$$libinit$$0000000A)
    __rt_lib_init_lc_collate_1               0x08000123   Thumb Code     0  libinit2.o(.ARM.Collect$$libinit$$00000011)
    __rt_lib_init_lc_ctype_1                 0x08000123   Thumb Code     0  libinit2.o(.ARM.Collect$$libinit$$00000013)
    __rt_lib_init_lc_monetary_1              0x08000123   Thumb Code     0  libinit2.o(.ARM.Collect$$libinit$$00000015)
    __rt_lib_init_lc_numeric_1               0x08000123   Thumb Code     0  libinit2.o(.ARM.Collect$$libinit$$00000017)
    __rt_lib_init_lc_time_1                  0x08000123   Thumb Code     0  libinit2.o(.ARM.Collect$$libinit$$00000019)
    __rt_lib_init_preinit_1                  0x08000123   Thumb Code     0  libinit2.o(.ARM.Collect$$libinit$$00000004)
    __rt_lib_init_rand_1                     0x08000123   Thumb Code     0  libinit2.o(.ARM.Collect$$libinit$$0000000E)
    __rt_lib_init_return                     0x08000123   Thumb Code     0  libinit2.o(.ARM.Collect$$libinit$$00000033)
    __rt_lib_init_signal_1                   0x08000123   Thumb Code     0  libinit2.o(.ARM.Collect$$libinit$$0000001D)
    __rt_lib_init_stdio_1                    0x08000123   Thumb Code     0  libinit2.o(.ARM.Collect$$libinit$$00000025)
    __rt_lib_init_user_alloc_1               0x08000123   Thumb Code     0  libinit2.o(.ARM.Collect$$libinit$$0000000C)
    __rt_lib_shutdown                        0x08000125   Thumb Code     0  libshutdown.o(.ARM.Collect$$libshutdown$$00000000)
    __rt_lib_shutdown_cpp_1                  0x08000127   Thumb Code     0  libshutdown2.o(.ARM.Collect$$libshutdown$$00000002)
    __rt_lib_shutdown_fp_trap_1              0x08000127   Thumb Code     0  libshutdown2.o(.ARM.Collect$$libshutdown$$00000007)
    __rt_lib_shutdown_heap_1                 0x08000127   Thumb Code     0  libshutdown2.o(.ARM.Collect$$libshutdown$$0000000F)
    __rt_lib_shutdown_return                 0x08000127   Thumb Code     0  libshutdown2.o(.ARM.Collect$$libshutdown$$00000010)
    __rt_lib_shutdown_signal_1               0x08000127   Thumb Code     0  libshutdown2.o(.ARM.Collect$$libshutdown$$0000000A)
    __rt_lib_shutdown_stdio_1                0x08000127   Thumb Code     0  libshutdown2.o(.ARM.Collect$$libshutdown$$00000004)
    __rt_lib_shutdown_user_alloc_1           0x08000127   Thumb Code     0  libshutdown2.o(.ARM.Collect$$libshutdown$$0000000C)
    __rt_entry                               0x08000129   Thumb Code     0  __rtentry.o(.ARM.Collect$$rtentry$$00000000)
    __rt_entry_presh_1                       0x08000129   Thumb Code     0  __rtentry2.o(.ARM.Collect$$rtentry$$00000002)
    __rt_entry_sh                            0x08000129   Thumb Code     0  __rtentry4.o(.ARM.Collect$$rtentry$$00000004)
    __rt_entry_li                            0x0800012f   Thumb Code     0  __rtentry2.o(.ARM.Collect$$rtentry$$0000000A)
    __rt_entry_postsh_1                      0x0800012f   Thumb Code     0  __rtentry2.o(.ARM.Collect$$rtentry$$00000009)
    __rt_entry_main                          0x08000133   Thumb Code     0  __rtentry2.o(.ARM.Collect$$rtentry$$0000000D)
    __rt_entry_postli_1                      0x08000133   Thumb Code     0  __rtentry2.o(.ARM.Collect$$rtentry$$0000000C)
    __rt_exit                                0x0800013b   Thumb Code     0  rtexit.o(.ARM.Collect$$rtexit$$00000000)
    __rt_exit_ls                             0x0800013d   Thumb Code     0  rtexit2.o(.ARM.Collect$$rtexit$$00000003)
    __rt_exit_prels_1                        0x0800013d   Thumb Code     0  rtexit2.o(.ARM.Collect$$rtexit$$00000002)
    __rt_exit_exit                           0x08000141   Thumb Code     0  rtexit2.o(.ARM.Collect$$rtexit$$00000004)
    __aeabi_memcpy4                          0x08000149   Thumb Code    56  rt_memcpy.o(.emb_text)
    __aeabi_memcpy8                          0x08000149   Thumb Code     0  rt_memcpy.o(.emb_text)
    Reset_Handler                            0x08000181   Thumb Code     8  startup_stm32f0xx.o(.text)
    ADC1_COMP_IRQHandler                     0x08000193   Thumb Code     0  startup_stm32f0xx.o(.text)
    CEC_IRQHandler                           0x08000193   Thumb Code     0  startup_stm32f0xx.o(.text)
    DMA1_Channel1_IRQHandler                 0x08000193   Thumb Code     0  startup_stm32f0xx.o(.text)
    DMA1_Channel2_3_IRQHandler               0x08000193   Thumb Code     0  startup_stm32f0xx.o(.text)
    DMA1_Channel4_5_IRQHandler               0x08000193   Thumb Code     0  startup_stm32f0xx.o(.text)
    EXTI0_1_IRQHandler                       0x08000193   Thumb Code     0  startup_stm32f0xx.o(.text)
    EXTI2_3_IRQHandler                       0x08000193   Thumb Code     0  startup_stm32f0xx.o(.text)
    EXTI4_15_IRQHandler                      0x08000193   Thumb Code     0  startup_stm32f0xx.o(.text)
    FLASH_IRQHandler                         0x08000193   Thumb Code     0  startup_stm32f0xx.o(.text)
    I2C1_IRQHandler                          0x08000193   Thumb Code     0  startup_stm32f0xx.o(.text)
    I2C2_IRQHandler                          0x08000193   Thumb Code     0  startup_stm32f0xx.o(.text)
    PVD_IRQHandler                           0x08000193   Thumb Code     0  startup_stm32f0xx.o(.text)
    RCC_IRQHandler                           0x08000193   Thumb Code     0  startup_stm32f0xx.o(.text)
    SPI1_IRQHandler                          0x08000193   Thumb Code     0  startup_stm32f0xx.o(.text)
    SPI2_IRQHandler                          0x08000193   Thumb Code     0  startup_stm32f0xx.o(.text)
    TIM14_IRQHandler                         0x08000193   Thumb Code     0  startup_stm32f0xx.o(.text)
    TIM15_IRQHandler                         0x08000193   Thumb Code     0  startup_stm32f0xx.o(.text)
    TIM16_IRQHandler                         0x08000193   Thumb Code     0  startup_stm32f0xx.o(.text)
    TIM17_IRQHandler                         0x08000193   Thumb Code     0  startup_stm32f0xx.o(.text)
    TIM1_BRK_UP_TRG_COM_IRQHandler           0x08000193   Thumb Code     0  startup_stm32f0xx.o(.text)
    TIM1_CC_IRQHandler                       0x08000193   Thumb Code     0  startup_stm32f0xx.o(.text)
    TIM2_IRQHandler                          0x08000193   Thumb Code     0  startup_stm32f0xx.o(.text)
    TIM3_IRQHandler                          0x08000193   Thumb Code     0  startup_stm32f0xx.o(.text)
    TIM6_DAC_IRQHandler                      0x08000193   Thumb Code     0  startup_stm32f0xx.o(.text)
    TS_IRQHandler                            0x08000193   Thumb Code     0  startup_stm32f0xx.o(.text)
    WWDG_IRQHandler                          0x08000193   Thumb Code     0  startup_stm32f0xx.o(.text)
    __user_initial_stackheap                 0x08000195   Thumb Code     0  startup_stm32f0xx.o(.text)
    strchr                                   0x080001b9   Thumb Code    20  strchr.o(.text)
    strstr                                   0x080001cd   Thumb Code    40  strstr.o(.text)
    __aeabi_uidiv                            0x080001f5   Thumb Code     0  aeabi_sdiv.o(.text)
    __aeabi_uidivmod                         0x080001f5   Thumb Code    20  aeabi_sdiv.o(.text)
    __aeabi_idiv                             0x08000209   Thumb Code     0  aeabi_sdiv.o(.text)
    __aeabi_idivmod                          0x08000209   Thumb Code   326  aeabi_sdiv.o(.text)
    __use_two_region_memory                  0x0800034f   Thumb Code     2  heapauxi.o(.text)
    __rt_heap_escrow$2region                 0x08000351   Thumb Code     2  heapauxi.o(.text)
    __rt_heap_expand$2region                 0x08000353   Thumb Code     2  heapauxi.o(.text)
    __aeabi_dadd                             0x0800064d   Thumb Code     0  daddsub.o(.text)
    _dadd                                    0x0800064d   Thumb Code    26  daddsub.o(.text)
    __aeabi_dsub                             0x08000667   Thumb Code     0  daddsub.o(.text)
    _dsub                                    0x08000667   Thumb Code    22  daddsub.o(.text)
    __aeabi_drsub                            0x0800067d   Thumb Code     0  daddsub.o(.text)
    _drsb                                    0x0800067d   Thumb Code    28  daddsub.o(.text)
    __aeabi_ddiv                             0x080006ad   Thumb Code     0  ddiv.o(.text)
    _ddiv                                    0x080006ad   Thumb Code  1072  ddiv.o(.text)
    _drdiv                                   0x08000add   Thumb Code    20  ddiv.o(.text)
    __aeabi_d2iz                             0x08000af5   Thumb Code     0  dfixi.o(.text)
    _dfix                                    0x08000af5   Thumb Code    98  dfixi.o(.text)
    __aeabi_d2uiz                            0x08000b61   Thumb Code     0  dfixui.o(.text)
    _dfixu                                   0x08000b61   Thumb Code    68  dfixui.o(.text)
    __aeabi_i2d_normalise                    0x08000ba9   Thumb Code    66  dflti.o(.text)
    __aeabi_i2d                              0x08000beb   Thumb Code    16  dflti.o(.text)
    _dflt                                    0x08000beb   Thumb Code     0  dflti.o(.text)
    __aeabi_ui2d                             0x08000bfb   Thumb Code     6  dflti.o(.text)
    _dfltu                                   0x08000bfb   Thumb Code     0  dflti.o(.text)
    __aeabi_dmul                             0x08000c01   Thumb Code     0  dmul.o(.text)
    _dmul                                    0x08000c01   Thumb Code   558  dmul.o(.text)
    __read_errno                             0x08000e49   Thumb Code    10  _rserrno.o(.text)
    __set_errno                              0x08000e53   Thumb Code    12  _rserrno.o(.text)
    __fpl_dcmp_InfNaN                        0x08000e61   Thumb Code   140  dcmpin.o(.text)
    __ARM_scalbn                             0x08000ef1   Thumb Code    84  dscalbn.o(.text)
    __aeabi_errno_addr                       0x08000f51   Thumb Code     8  rt_errno_addr_intlibspace.o(.text)
    __errno$intlibspace                      0x08000f51   Thumb Code     0  rt_errno_addr_intlibspace.o(.text)
    __rt_errno_addr$intlibspace              0x08000f51   Thumb Code     0  rt_errno_addr_intlibspace.o(.text)
    __fpl_cmpreturn                          0x08000f59   Thumb Code    46  cmpret.o(.text)
    __fpl_dcheck_NaN2                        0x08000f89   Thumb Code    14  dnan2.o(.text)
    _dsqrt                                   0x08000f9d   Thumb Code   248  dsqrt.o(.text)
    __user_libspace                          0x0800109d   Thumb Code     8  libspace.o(.text)
    __user_perproc_libspace                  0x0800109d   Thumb Code     0  libspace.o(.text)
    __user_perthread_libspace                0x0800109d   Thumb Code     0  libspace.o(.text)
    __user_setup_stackheap                   0x080010a5   Thumb Code    62  sys_stackheap_outer.o(.text)
    exit                                     0x080010e3   Thumb Code    16  exit.o(.text)
    __fpl_return_NaN                         0x080010f3   Thumb Code    94  retnan.o(.text)
    _sys_exit                                0x08001151   Thumb Code     8  sys_exit.o(.text)
    __I$use$semihosting                      0x0800115d   Thumb Code     0  use_no_semi.o(.text)
    __use_no_semihosting_swi                 0x0800115d   Thumb Code     2  use_no_semi.o(.text)
    __decompress                             0x0800115f   Thumb Code     0  __dczerorl2.o(.text)
    __decompress1                            0x0800115f   Thumb Code    86  __dczerorl2.o(.text)
    __semihosting_library_function           0x0800115f   Thumb Code     0  indicate_semi.o(.text)
    ADC_AutoPowerOffCmd                      0x080011b5   Thumb Code    28  stm32f0xx_adc.o(i.ADC_AutoPowerOffCmd)
    ADC_ChannelConfig                        0x080011d1   Thumb Code    24  stm32f0xx_adc.o(i.ADC_ChannelConfig)
    ADC_Cmd                                  0x080011e9   Thumb Code    24  stm32f0xx_adc.o(i.ADC_Cmd)
    ADC_DeInit                               0x08001201   Thumb Code    28  stm32f0xx_adc.o(i.ADC_DeInit)
    ADC_GetCalibrationFactor                 0x08001221   Thumb Code    60  stm32f0xx_adc.o(i.ADC_GetCalibrationFactor)
    ADC_GetConversionValue                   0x0800125d   Thumb Code     8  stm32f0xx_adc.o(i.ADC_GetConversionValue)
    ADC_GetFlagStatus                        0x08001265   Thumb Code    48  stm32f0xx_adc.o(i.ADC_GetFlagStatus)
    ADC_Init                                 0x08001295   Thumb Code    40  stm32f0xx_adc.o(i.ADC_Init)
    ADC_StartOfConversion                    0x080012c1   Thumb Code    10  stm32f0xx_adc.o(i.ADC_StartOfConversion)
    ADC_WaitModeCmd                          0x080012cb   Thumb Code    28  stm32f0xx_adc.o(i.ADC_WaitModeCmd)
    AlmErr10min                              0x080012e9   Thumb Code   618  adc_calcu.o(i.AlmErr10min)
    AlmErrWat                                0x08001579   Thumb Code   296  adc_calcu.o(i.AlmErrWat)
    Ascii2Hex                                0x080016c1   Thumb Code    30  uart_gsm.o(i.Ascii2Hex)
    CatDecAlm                                0x080016e5   Thumb Code   266  adc_calcu.o(i.CatDecAlm)
    CloseUSART1                              0x08001805   Thumb Code    88  rs485.o(i.CloseUSART1)
    CloseUSART2                              0x08001861   Thumb Code    94  uart_gsm.o(i.CloseUSART2)
    ComUDP                                   0x080018c9   Thumb Code   138  uart_gsm.o(i.ComUDP)
    ConfigDate                               0x08001959   Thumb Code    36  rtc.o(i.ConfigDate)
    ConfigTime                               0x0800197d   Thumb Code    46  rtc.o(i.ConfigTime)
    Delay                                    0x080019b1   Thumb Code    22  main.o(i.Delay)
    DelayNms                                 0x080019c9   Thumb Code    38  main.o(i.DelayNms)
    FLASH_ErasePage                          0x080019f5   Thumb Code    72  stm32f0xx_flash.o(i.FLASH_ErasePage)
    FLASH_GetStatus                          0x08001a41   Thumb Code    54  stm32f0xx_flash.o(i.FLASH_GetStatus)
    FLASH_Lock                               0x08001a7d   Thumb Code    14  stm32f0xx_flash.o(i.FLASH_Lock)
    FLASH_ProgramWord                        0x08001a91   Thumb Code   104  stm32f0xx_flash.o(i.FLASH_ProgramWord)
    FLASH_Unlock                             0x08001afd   Thumb Code    24  stm32f0xx_flash.o(i.FLASH_Unlock)
    FLASH_WaitForLastOperation               0x08001b21   Thumb Code    40  stm32f0xx_flash.o(i.FLASH_WaitForLastOperation)
    FlashEERead                              0x08001b49   Thumb Code    26  flashee.o(i.FlashEERead)
    FlashEEWrite                             0x08001b71   Thumb Code    38  flashee.o(i.FlashEEWrite)
    GPIO_DeInit                              0x08001ba1   Thumb Code   132  stm32f0xx_gpio.o(i.GPIO_DeInit)
    GPIO_Init                                0x08001c35   Thumb Code   144  stm32f0xx_gpio.o(i.GPIO_Init)
    GPIO_PinAFConfig                         0x08001cc5   Thumb Code    68  stm32f0xx_gpio.o(i.GPIO_PinAFConfig)
    GPIO_ReadInputDataBit                    0x08001d09   Thumb Code    20  stm32f0xx_gpio.o(i.GPIO_ReadInputDataBit)
    GPIO_ResetBits                           0x08001d1d   Thumb Code     4  stm32f0xx_gpio.o(i.GPIO_ResetBits)
    GPIO_SetBits                             0x08001d21   Thumb Code     4  stm32f0xx_gpio.o(i.GPIO_SetBits)
    GPRSProTrans                             0x08001d25   Thumb Code   874  uart_gsm.o(i.GPRSProTrans)
    GetDate                                  0x08002115   Thumb Code    44  rtc.o(i.GetDate)
    GetTime                                  0x08002141   Thumb Code    36  rtc.o(i.GetTime)
    GetTimeAscii                             0x08002165   Thumb Code   188  rtc.o(i.GetTimeAscii)
    HardFault_Handler                        0x08002245   Thumb Code     4  stm32f0xx_it.o(i.HardFault_Handler)
    Hart6Hour                                0x08002249   Thumb Code   428  adc_calcu.o(i.Hart6Hour)
    InitRun                                  0x08002419   Thumb Code    36  init.o(i.InitRun)
    Init_ADC                                 0x0800243d   Thumb Code   336  adc_calcu.o(i.Init_ADC)
    Init_GPIO                                0x08002591   Thumb Code   464  init.o(i.Init_GPIO)
    Init_USART2                              0x0800277d   Thumb Code   182  uart_gsm.o(i.Init_USART2)
    NMI_Handler                              0x08002841   Thumb Code     2  stm32f0xx_it.o(i.NMI_Handler)
    NVIC_Init                                0x08002845   Thumb Code   106  stm32f0xx_misc.o(i.NVIC_Init)
    NdAlarmHandle                            0x0800292d   Thumb Code   574  adc_calcu.o(i.NdAlarmHandle)
    NdBiaoding                               0x08002be9   Thumb Code   302  adc_calcu.o(i.NdBiaoding)
    PWR_BackupAccessCmd                      0x08002d39   Thumb Code    36  stm32f0xx_pwr.o(i.PWR_BackupAccessCmd)
    PendSV_Handler                           0x08002d61   Thumb Code     2  stm32f0xx_it.o(i.PendSV_Handler)
    RCC_ADCCLKConfig                         0x08002d65   Thumb Code    52  stm32f0xx_rcc.o(i.RCC_ADCCLKConfig)
    RCC_AHBPeriphClockCmd                    0x08002d9d   Thumb Code    28  stm32f0xx_rcc.o(i.RCC_AHBPeriphClockCmd)
    RCC_AHBPeriphResetCmd                    0x08002dbd   Thumb Code    28  stm32f0xx_rcc.o(i.RCC_AHBPeriphResetCmd)
    RCC_APB1PeriphClockCmd                   0x08002ddd   Thumb Code    28  stm32f0xx_rcc.o(i.RCC_APB1PeriphClockCmd)
    RCC_APB1PeriphResetCmd                   0x08002dfd   Thumb Code    28  stm32f0xx_rcc.o(i.RCC_APB1PeriphResetCmd)
    RCC_APB2PeriphClockCmd                   0x08002e1d   Thumb Code    28  stm32f0xx_rcc.o(i.RCC_APB2PeriphClockCmd)
    RCC_APB2PeriphResetCmd                   0x08002e3d   Thumb Code    28  stm32f0xx_rcc.o(i.RCC_APB2PeriphResetCmd)
    RCC_AdjustHSI14CalibrationValue          0x08002e5d   Thumb Code    26  stm32f0xx_rcc.o(i.RCC_AdjustHSI14CalibrationValue)
    RCC_AdjustHSICalibrationValue            0x08002e7d   Thumb Code    26  stm32f0xx_rcc.o(i.RCC_AdjustHSICalibrationValue)
    RCC_BackupResetCmd                       0x08002e9d   Thumb Code    36  stm32f0xx_rcc.o(i.RCC_BackupResetCmd)
    RCC_CECCLKConfig                         0x08002ec5   Thumb Code    22  stm32f0xx_rcc.o(i.RCC_CECCLKConfig)
    RCC_GetClocksFreq                        0x08002ee1   Thumb Code   340  stm32f0xx_rcc.o(i.RCC_GetClocksFreq)
    RCC_GetFlagStatus                        0x0800304d   Thumb Code    68  stm32f0xx_rcc.o(i.RCC_GetFlagStatus)
    RCC_GetSYSCLKSource                      0x08003095   Thumb Code    10  stm32f0xx_rcc.o(i.RCC_GetSYSCLKSource)
    RCC_HCLKConfig                           0x080030a5   Thumb Code    28  stm32f0xx_rcc.o(i.RCC_HCLKConfig)
    RCC_HSEConfig                            0x080030c5   Thumb Code    12  stm32f0xx_rcc.o(i.RCC_HSEConfig)
    RCC_HSI14ADCRequestCmd                   0x080030d5   Thumb Code    32  stm32f0xx_rcc.o(i.RCC_HSI14ADCRequestCmd)
    RCC_HSI14Cmd                             0x080030f9   Thumb Code    32  stm32f0xx_rcc.o(i.RCC_HSI14Cmd)
    RCC_HSICmd                               0x0800311d   Thumb Code    32  stm32f0xx_rcc.o(i.RCC_HSICmd)
    RCC_I2CCLKConfig                         0x08003141   Thumb Code    22  stm32f0xx_rcc.o(i.RCC_I2CCLKConfig)
    RCC_ITConfig                             0x0800315d   Thumb Code    28  stm32f0xx_rcc.o(i.RCC_ITConfig)
    RCC_LSEConfig                            0x0800317d   Thumb Code    34  stm32f0xx_rcc.o(i.RCC_LSEConfig)
    RCC_LSEDriveConfig                       0x080031a5   Thumb Code    22  stm32f0xx_rcc.o(i.RCC_LSEDriveConfig)
    RCC_LSICmd                               0x080031c1   Thumb Code    32  stm32f0xx_rcc.o(i.RCC_LSICmd)
    RCC_PCLKConfig                           0x080031e5   Thumb Code    30  stm32f0xx_rcc.o(i.RCC_PCLKConfig)
    RCC_PLLCmd                               0x08003209   Thumb Code    36  stm32f0xx_rcc.o(i.RCC_PLLCmd)
    RCC_PLLConfig                            0x08003231   Thumb Code    30  stm32f0xx_rcc.o(i.RCC_PLLConfig)
    RCC_PREDIV1Config                        0x08003255   Thumb Code    24  stm32f0xx_rcc.o(i.RCC_PREDIV1Config)
    RCC_RTCCLKCmd                            0x08003271   Thumb Code    36  stm32f0xx_rcc.o(i.RCC_RTCCLKCmd)
    RCC_RTCCLKConfig                         0x08003299   Thumb Code    12  stm32f0xx_rcc.o(i.RCC_RTCCLKConfig)
    RCC_SYSCLKConfig                         0x080032a9   Thumb Code    24  stm32f0xx_rcc.o(i.RCC_SYSCLKConfig)
    RCC_USARTCLKConfig                       0x080032c5   Thumb Code    22  stm32f0xx_rcc.o(i.RCC_USARTCLKConfig)
    RCC_WaitForHSEStartUp                    0x080032e1   Thumb Code    60  stm32f0xx_rcc.o(i.RCC_WaitForHSEStartUp)
    RTCConfig                                0x0800331d   Thumb Code    88  rtc.o(i.RTCConfig)
    RTC_ClearITPendingBit                    0x080033ad   Thumb Code    30  stm32f0xx_rtc.o(i.RTC_ClearITPendingBit)
    RTC_EnterInitMode                        0x080033d1   Thumb Code    82  stm32f0xx_rtc.o(i.RTC_EnterInitMode)
    RTC_ExitInitMode                         0x08003429   Thumb Code    14  stm32f0xx_rtc.o(i.RTC_ExitInitMode)
    RTC_GetDate                              0x0800343d   Thumb Code    88  stm32f0xx_rtc.o(i.RTC_GetDate)
    RTC_GetITStatus                          0x0800349d   Thumb Code    72  stm32f0xx_rtc.o(i.RTC_GetITStatus)
    RTC_GetTime                              0x080034e9   Thumb Code    84  stm32f0xx_rtc.o(i.RTC_GetTime)
    RTC_IRQHandler                           0x08003545   Thumb Code    26  rtc.o(i.RTC_IRQHandler)
    RTC_Init                                 0x08003561   Thumb Code    84  stm32f0xx_rtc.o(i.RTC_Init)
    RTC_SetDate                              0x080035b9   Thumb Code   198  stm32f0xx_rtc.o(i.RTC_SetDate)
    RTC_SetTime                              0x08003689   Thumb Code   208  stm32f0xx_rtc.o(i.RTC_SetTime)
    RTC_WaitForSynchro                       0x08003761   Thumb Code   104  stm32f0xx_rtc.o(i.RTC_WaitForSynchro)
    RTC_WriteBackupRegister                  0x080037cd   Thumb Code    24  stm32f0xx_rtc.o(i.RTC_WriteBackupRegister)
    ReadADCValue                             0x080037e9   Thumb Code  1364  adc_calcu.o(i.ReadADCValue)
    ReadBiaoding                             0x08003d51   Thumb Code   158  adc_calcu.o(i.ReadBiaoding)
    ReadConfig                               0x08003e0d   Thumb Code   768  init.o(i.ReadConfig)
    ReadFirstRun                             0x08004149   Thumb Code   570  init.o(i.ReadFirstRun)
    RefreshEE                                0x080043b5   Thumb Code    82  flashee.o(i.RefreshEE)
    Reinit_RCC_HSE                           0x0800440d   Thumb Code   136  init.o(i.Reinit_RCC_HSE)
    Reinit_RCC_HSI                           0x08004499   Thumb Code   142  init.o(i.Reinit_RCC_HSI)
    ResetFlashEE                             0x0800452d   Thumb Code    36  flashee.o(i.ResetFlashEE)
    Rs485                                    0x0800455d   Thumb Code  3584  rs485.o(i.Rs485)
    SVC_Handler                              0x0800538d   Thumb Code     2  stm32f0xx_it.o(i.SVC_Handler)
    SysTick_Handler                          0x0800544d   Thumb Code  1306  stm32f0xx_it.o(i.SysTick_Handler)
    SystemInit                               0x0800597d   Thumb Code   110  system_stm32f0xx.o(i.SystemInit)
    Systick_Init                             0x080059f9   Thumb Code    38  init.o(i.Systick_Init)
    TIM_Cmd                                  0x08005a25   Thumb Code    24  stm32f0xx_tim.o(i.TIM_Cmd)
    TIM_DeInit                               0x08005a41   Thumb Code   204  stm32f0xx_tim.o(i.TIM_DeInit)
    TIM_OCStructInit                         0x08005b29   Thumb Code    20  stm32f0xx_tim.o(i.TIM_OCStructInit)
    TIM_SelectOutputTrigger                  0x08005b3d   Thumb Code    16  stm32f0xx_tim.o(i.TIM_SelectOutputTrigger)
    TIM_TimeBaseInit                         0x08005b51   Thumb Code    90  stm32f0xx_tim.o(i.TIM_TimeBaseInit)
    TIM_TimeBaseStructInit                   0x08005bcd   Thumb Code    18  stm32f0xx_tim.o(i.TIM_TimeBaseStructInit)
    UDPLink                                  0x08005be1   Thumb Code   812  uart_gsm.o(i.UDPLink)
    USART1Init                               0x08005f61   Thumb Code   150  rs485.o(i.USART1Init)
    USART1VarInit                            0x08006005   Thumb Code   146  rs485.o(i.USART1VarInit)
    USART1_IRQHandler                        0x080060c9   Thumb Code   270  rs485.o(i.USART1_IRQHandler)
    USART2SendStr                            0x08006201   Thumb Code    90  uart_gsm.o(i.USART2SendStr)
    USART2VarInit                            0x0800628d   Thumb Code    78  uart_gsm.o(i.USART2VarInit)
    USART2_IRQHandler                        0x08006315   Thumb Code   248  uart_gsm.o(i.USART2_IRQHandler)
    USART_ClearFlag                          0x08006439   Thumb Code     4  stm32f0xx_usart.o(i.USART_ClearFlag)
    USART_Cmd                                0x0800643d   Thumb Code    24  stm32f0xx_usart.o(i.USART_Cmd)
    USART_DeInit                             0x08006455   Thumb Code    56  stm32f0xx_usart.o(i.USART_DeInit)
    USART_GetFlagStatus                      0x08006495   Thumb Code    20  stm32f0xx_usart.o(i.USART_GetFlagStatus)
    USART_GetITStatus                        0x080064a9   Thumb Code    78  stm32f0xx_usart.o(i.USART_GetITStatus)
    USART_ITConfig                           0x080064f7   Thumb Code    66  stm32f0xx_usart.o(i.USART_ITConfig)
    USART_Init                               0x08006539   Thumb Code   202  stm32f0xx_usart.o(i.USART_Init)
    USART_SendData                           0x08006611   Thumb Code     8  stm32f0xx_usart.o(i.USART_SendData)
    WatDecAlm                                0x08006619   Thumb Code   268  adc_calcu.o(i.WatDecAlm)
    __ARM_common_switch8                     0x08006739   Thumb Code    28  rs485.o(i.__ARM_common_switch8)
    __ARM_fpclassify                         0x08006755   Thumb Code    40  fpclassify.o(i.__ARM_fpclassify)
    __kernel_poly                            0x08006781   Thumb Code   172  poly.o(i.__kernel_poly)
    __mathlib_dbl_divzero                    0x0800682d   Thumb Code    16  dunder.o(i.__mathlib_dbl_divzero)
    __mathlib_dbl_infnan                     0x08006841   Thumb Code    10  dunder.o(i.__mathlib_dbl_infnan)
    __mathlib_dbl_infnan2                    0x0800684b   Thumb Code     8  dunder.o(i.__mathlib_dbl_infnan2)
    __mathlib_dbl_invalid                    0x08006853   Thumb Code    16  dunder.o(i.__mathlib_dbl_invalid)
    __mathlib_dbl_overflow                   0x08006865   Thumb Code    16  dunder.o(i.__mathlib_dbl_overflow)
    __mathlib_dbl_underflow                  0x08006879   Thumb Code    14  dunder.o(i.__mathlib_dbl_underflow)
    initGSM                                  0x0800688d   Thumb Code   684  uart_gsm.o(i.initGSM)
    log                                      0x08006b71   Thumb Code   790  log.o(i.log)
    log10                                    0x08006ec5   Thumb Code   200  log10.o(i.log10)
    main                                     0x08006fb1   Thumb Code   358  main.o(i.main)
    pow                                      0x08007149   Thumb Code  2548  pow.o(i.pow)
    sqrt                                     0x08007b45   Thumb Code    66  sqrt.o(i.sqrt)
    turOffGSM                                0x08007b8d   Thumb Code    30  uart_gsm.o(i.turOffGSM)
    turnOnGSM                                0x08007bb1   Thumb Code    46  uart_gsm.o(i.turnOnGSM)
    __aeabi_cdcmpeq                          0x08007be9   Thumb Code     0  deqf.o(x$fpl$deqf)
    _dcmpeq                                  0x08007be9   Thumb Code    94  deqf.o(x$fpl$deqf)
    __aeabi_cdcmple                          0x08007c4d   Thumb Code     0  dlef.o(x$fpl$dleqf)
    _dcmple                                  0x08007c4d   Thumb Code    94  dlef.o(x$fpl$dleqf)
    __aeabi_cdrcmple                         0x08007cb1   Thumb Code     0  drlef.o(x$fpl$drleqf)
    _drcmple                                 0x08007cb1   Thumb Code   100  drlef.o(x$fpl$drleqf)
    LineK                                    0x08007d18   Data         200  adc_calcu.o(.constdata)
    __I$use$fp                               0x08007d18   Number         0  usenofp.o(x$fpl$usenofp)
    Resistor0                                0x08007de0   Data          50  adc_calcu.o(.constdata)
    Resistor1000                             0x08007e12   Data          50  adc_calcu.o(.constdata)
    DeviceIDDefault                          0x08007e44   Data          12  init.o(.constdata)
    APNDefault                               0x08007e50   Data          20  init.o(.constdata)
    USERDefault                              0x08007e64   Data          12  init.o(.constdata)
    PWDDefault                               0x08007e70   Data           8  init.o(.constdata)
    IPAddrDefault                            0x08007e78   Data          16  init.o(.constdata)
    PortIDDefault                            0x08007e88   Data           4  init.o(.constdata)
    CircleADDefault                          0x08007e8c   Data           2  init.o(.constdata)
    CircleGPRSDefault                        0x08007e8e   Data           2  init.o(.constdata)
    ATsimstu                                 0x08007e90   Data          12  uart_gsm.o(.constdata)
    ATcops1                                  0x08007e9c   Data           9  uart_gsm.o(.constdata)
    ATEND                                    0x08007ea5   Data           2  uart_gsm.o(.constdata)
    IPR                                      0x08007ea7   Data          13  uart_gsm.o(.constdata)
    ATsave                                   0x08007eb4   Data           6  uart_gsm.o(.constdata)
    ATres                                    0x08007eba   Data           6  uart_gsm.o(.constdata)
    ATifc                                    0x08007ec0   Data          12  uart_gsm.o(.constdata)
    ATdtr                                    0x08007ecc   Data           7  uart_gsm.o(.constdata)
    ATdcd                                    0x08007ed3   Data           7  uart_gsm.o(.constdata)
    ATbaud2                                  0x08007eda   Data           9  uart_gsm.o(.constdata)
    ATpdp2                                   0x08007ee3   Data          14  uart_gsm.o(.constdata)
    ATcgatt                                  0x08007ef1   Data          12  uart_gsm.o(.constdata)
    ATclass                                  0x08007efd   Data          13  uart_gsm.o(.constdata)
    ATIPClose                                0x08007f0a   Data          15  uart_gsm.o(.constdata)
    IPBCDgs                                  0x08007f19   Data          12  uart_gsm.o(.constdata)
    LPortIDgs                                0x08007f25   Data           4  uart_gsm.o(.constdata)
    ATcnmi                                   0x08007f29   Data          19  uart_gsm.o(.constdata)
    SetTEGSM                                 0x08007f3c   Data          15  uart_gsm.o(.constdata)
    SetTEUCS2                                0x08007f4b   Data          16  uart_gsm.o(.constdata)
    AskTE                                    0x08007f5b   Data          10  uart_gsm.o(.constdata)
    SetCNMsg                                 0x08007f65   Data          22  uart_gsm.o(.constdata)
    ATcpms                                   0x08007f7b   Data          14  uart_gsm.o(.constdata)
    ATcmgf                                   0x08007f89   Data          11  uart_gsm.o(.constdata)
    ATcmgs                                   0x08007f94   Data          23  uart_gsm.o(.constdata)
    ATcmgsCn                                 0x08007fab   Data          56  uart_gsm.o(.constdata)
    message1                                 0x08007fe3   Data          10  uart_gsm.o(.constdata)
    message2                                 0x08007fed   Data          11  uart_gsm.o(.constdata)
    tbl_ascii                                0x08007ff8   Data          16  uart_gsm.o(.constdata)
    auchCRCLo                                0x08008008   Data         256  uart_gsm.o(.constdata)
    auchCRCHi                                0x08008108   Data         256  uart_gsm.o(.constdata)
    __mathlib_zero                           0x08008348   Data           8  qnan.o(.constdata)
    Region$$Table$$Base                      0x08008350   Number         0  anon$$obj.o(Region$$Table)
    Region$$Table$$Limit                     0x08008370   Number         0  anon$$obj.o(Region$$Table)
    ADC_AI1Value                             0x20000000   Data           2  adc_calcu.o(.data)
    ADC_AI2Value                             0x20000002   Data           2  adc_calcu.o(.data)
    ADC_TValue                               0x20000004   Data           2  adc_calcu.o(.data)
    ADC_BTYValue                             0x20000006   Data           2  adc_calcu.o(.data)
    SumAI1Value                              0x20000008   Data           4  adc_calcu.o(.data)
    SumAI2Value                              0x2000000c   Data           4  adc_calcu.o(.data)
    SumTValue                                0x20000010   Data           4  adc_calcu.o(.data)
    SumBTYValue                              0x20000014   Data           4  adc_calcu.o(.data)
    AVAI1Value                               0x20000018   Data           8  adc_calcu.o(.data)
    AVAI2Value                               0x20000020   Data           8  adc_calcu.o(.data)
    AVTValue                                 0x20000028   Data           8  adc_calcu.o(.data)
    AVBTYValue                               0x20000030   Data           8  adc_calcu.o(.data)
    VoltageRs                                0x20000038   Data           8  adc_calcu.o(.data)
    ResistorSensor                           0x20000040   Data           8  adc_calcu.o(.data)
    IndexSensor                              0x20000048   Data           1  adc_calcu.o(.data)
    VaulueX                                  0x20000050   Data           8  adc_calcu.o(.data)
    VaulueY                                  0x20000058   Data           8  adc_calcu.o(.data)
    NdValueTemp1                             0x20000060   Data           8  adc_calcu.o(.data)
    NdValueTemp2                             0x20000068   Data           8  adc_calcu.o(.data)
    FlagBiaod10                              0x20000070   Data           4  adc_calcu.o(.data)
    FlagBiaod50                              0x20000074   Data           4  adc_calcu.o(.data)
    BiaodVar                                 0x20000078   Data           1  adc_calcu.o(.data)
    Resistor0BD                              0x2000007a   Data           2  adc_calcu.o(.data)
    K50                                      0x20000080   Data           8  adc_calcu.o(.data)
    NdValue                                  0x20000088   Data           2  adc_calcu.o(.data)
    NdValueLEL                               0x2000008a   Data           1  adc_calcu.o(.data)
    PT1                                      0x2000008c   Data           2  adc_calcu.o(.data)
    PT2                                      0x2000008e   Data           2  adc_calcu.o(.data)
    PT1Old                                   0x20000090   Data           2  adc_calcu.o(.data)
    PT2Old                                   0x20000092   Data           2  adc_calcu.o(.data)
    Tdouble                                  0x20000098   Data           8  adc_calcu.o(.data)
    Tint                                     0x200000a0   Data           1  adc_calcu.o(.data)
    FTgklj                                   0x200000a4   Data           4  adc_calcu.o(.data)
    FTgkss                                   0x200000a8   Data           4  adc_calcu.o(.data)
    VBtyAscii                                0x200000ac   Data           4  adc_calcu.o(.data)
    FTbkljAscii                              0x200000b0   Data          10  adc_calcu.o(.data)
    FTgkljAscii                              0x200000ba   Data          10  adc_calcu.o(.data)
    FTbkssAscii                              0x200000c4   Data          10  adc_calcu.o(.data)
    FTgkssAscii                              0x200000ce   Data          10  adc_calcu.o(.data)
    PT1Ascii                                 0x200000d8   Data           6  adc_calcu.o(.data)
    TTAscii                                  0x200000de   Data           4  adc_calcu.o(.data)
    FlagAlmH                                 0x200000e2   Data           1  adc_calcu.o(.data)
    CntAlmH                                  0x200000e3   Data           1  adc_calcu.o(.data)
    FlagAlmL                                 0x200000e4   Data           1  adc_calcu.o(.data)
    CntAlmL                                  0x200000e5   Data           1  adc_calcu.o(.data)
    FlagErr                                  0x200000e6   Data           1  adc_calcu.o(.data)
    CntErr                                   0x200000e7   Data           1  adc_calcu.o(.data)
    FlagWat                                  0x200000e8   Data           1  adc_calcu.o(.data)
    FlagWatOld                               0x200000e9   Data           1  adc_calcu.o(.data)
    CntWat                                   0x200000ea   Data           1  adc_calcu.o(.data)
    FlagCat                                  0x200000eb   Data           1  adc_calcu.o(.data)
    FlagCatOld                               0x200000ec   Data           1  adc_calcu.o(.data)
    CntCat                                   0x200000ed   Data           1  adc_calcu.o(.data)
    FlagBtyL                                 0x200000ee   Data           1  adc_calcu.o(.data)
    TranArray                                0x200000ef   Data           7  adc_calcu.o(.data)
    tbl_NdValue                              0x200000f6   Data         203  adc_calcu.o(.data)
    EraseCounter                             0x200001c4   Data           4  flashee.o(.data)
    Address                                  0x200001c8   Data           4  flashee.o(.data)
    Data                                     0x200001cc   Data           4  flashee.o(.data)
    NbrOfPage                                0x200001d0   Data           4  flashee.o(.data)
    FLASHStatus                              0x200001d4   Data           1  flashee.o(.data)
    MemoryProgramStatus                      0x200001d5   Data           1  flashee.o(.data)
    EEAddrToRead                             0x200001d8   Data           4  flashee.o(.data)
    EEAddrToWrite                            0x200001dc   Data           4  flashee.o(.data)
    EEDataReaded                             0x200001e0   Data           4  flashee.o(.data)
    EEDataToWrite                            0x200001e4   Data           4  flashee.o(.data)
    FlagRCC                                  0x200001e8   Data           1  init.o(.data)
    TimerPeriod                              0x200001ea   Data           2  init.o(.data)
    Channel1Pulse                            0x200001ec   Data           2  init.o(.data)
    FlagFirstRun                             0x200001ee   Data           1  init.o(.data)
    PWD                                      0x200001ef   Data           8  init.o(.data)
    PortID                                   0x200001f7   Data           4  init.o(.data)
    CircleAD                                 0x200001fb   Data           2  init.o(.data)
    CircleGPRS                               0x200001fd   Data           2  init.o(.data)
    FlagLED                                  0x20000200   Data           1  main.o(.data)
    Cnt1ms                                   0x20000202   Data           2  main.o(.data)
    Cnt10ms                                  0x20000204   Data           1  main.o(.data)
    Cnt1000ms                                0x20000206   Data           2  main.o(.data)
    Cnt2s                                    0x20000208   Data           2  main.o(.data)
    Cnt10s                                   0x2000020a   Data           2  main.o(.data)
    Cnt60s                                   0x2000020c   Data           2  main.o(.data)
    Cnt5Minutes                              0x2000020e   Data           2  main.o(.data)
    Cnt10Minutes                             0x20000210   Data           2  main.o(.data)
    Cnt60Minutes                             0x20000212   Data           2  main.o(.data)
    CntHours                                 0x20000214   Data           2  main.o(.data)
    Cnt72Hours                               0x20000216   Data           2  main.o(.data)
    EEdata                                   0x20000218   Data           4  main.o(.data)
    data1                                    0x2000021c   Data           4  main.o(.data)
    FlagPwr                                  0x20000220   Data           1  main.o(.data)
    Tx1Read                                  0x20000221   Data           1  rs485.o(.data)
    CntTx1                                   0x20000222   Data           1  rs485.o(.data)
    CntRx1                                   0x20000223   Data           1  rs485.o(.data)
    NbrOfDataToTrans1                        0x20000224   Data           1  rs485.o(.data)
    NbrOfDataToRead1                         0x20000225   Data           1  rs485.o(.data)
    Rx1Start                                 0x20000226   Data           1  rs485.o(.data)
    Rx1Read                                  0x20000227   Data           1  rs485.o(.data)
    U1DrCopy1                                0x20000228   Data           1  rs485.o(.data)
    ProUSART1                                0x20000229   Data           1  rs485.o(.data)
    USART1ErrFlag                            0x2000022a   Data           1  rs485.o(.data)
    USART1OrderMode                          0x2000022b   Data           1  rs485.o(.data)
    USART1OrderWait                          0x2000022c   Data           1  rs485.o(.data)
    USART1OrderTimeOut                       0x2000022d   Data           1  rs485.o(.data)
    USART1OrderErr                           0x2000022e   Data           1  rs485.o(.data)
    USARTErrData                             0x2000022f   Data           1  rs485.o(.data)
    FlagMode485                              0x20000230   Data           1  rs485.o(.data)
    SynchPrediv                              0x20000231   Data           1  rtc.o(.data)
    AsynchPrediv                             0x20000232   Data           1  rtc.o(.data)
    Week                                     0x20000233   Data           1  rtc.o(.data)
    Year                                     0x20000234   Data           1  rtc.o(.data)
    Month                                    0x20000235   Data           1  rtc.o(.data)
    Date                                     0x20000236   Data           1  rtc.o(.data)
    Hours                                    0x20000237   Data           1  rtc.o(.data)
    Minutes                                  0x20000238   Data           1  rtc.o(.data)
    Seconds                                  0x20000239   Data           1  rtc.o(.data)
    NewWeek                                  0x2000023a   Data           1  rtc.o(.data)
    NewYear                                  0x2000023b   Data           1  rtc.o(.data)
    NewMonth                                 0x2000023c   Data           1  rtc.o(.data)
    NewDate                                  0x2000023d   Data           1  rtc.o(.data)
    NewHours                                 0x2000023e   Data           1  rtc.o(.data)
    NewMinutes                               0x2000023f   Data           1  rtc.o(.data)
    NewSeconds                               0x20000240   Data           1  rtc.o(.data)
    FlagFTgklj                               0x20000244   Data           1  stm32f0xx_it.o(.data)
    CntPulseAL                               0x20000245   Data           1  stm32f0xx_it.o(.data)
    FlagPulseAL                              0x20000246   Data           1  stm32f0xx_it.o(.data)
    NumPulseAL                               0x20000247   Data           1  stm32f0xx_it.o(.data)
    CntFTgkss                                0x20000248   Data           4  stm32f0xx_it.o(.data)
    CntPulseBL                               0x2000024c   Data           1  stm32f0xx_it.o(.data)
    FlagPulseBL                              0x2000024d   Data           1  stm32f0xx_it.o(.data)
    AT2ORDER                                 0x2000024e   Data           5  uart_gsm.o(.data)
    AT2DATA                                  0x20000253   Data           5  uart_gsm.o(.data)
    AT                                       0x20000258   Data           4  uart_gsm.o(.data)
    ATE0                                     0x2000025c   Data           6  uart_gsm.o(.data)
    ATCPIN                                   0x20000262   Data          10  uart_gsm.o(.data)
    ATCREG                                   0x2000026c   Data          10  uart_gsm.o(.data)
    ATCSQ                                    0x20000276   Data           8  uart_gsm.o(.data)
    ATCGATT                                  0x2000027e   Data          11  uart_gsm.o(.data)
    ATCGATT1                                 0x20000289   Data          12  uart_gsm.o(.data)
    ZPNum                                    0x20000295   Data          31  uart_gsm.o(.data)
    ZPPPOpen                                 0x200002b4   Data          13  uart_gsm.o(.data)
    SETUPU                                   0x200002c1   Data          37  uart_gsm.o(.data)
    SETUP                                    0x200002e6   Data          36  uart_gsm.o(.data)
    TRANSFER                                 0x2000030a   Data          28  uart_gsm.o(.data)
    TRANSFER_TCP                             0x20000326   Data          28  uart_gsm.o(.data)
    ATPwrOff                                 0x20000342   Data          12  uart_gsm.o(.data)
    ATcsq                                    0x2000034e   Data           8  uart_gsm.o(.data)
    ATzpnum                                  0x20000356   Data          31  uart_gsm.o(.data)
    ATopen                                   0x20000375   Data          13  uart_gsm.o(.data)
    ATclose                                  0x20000382   Data          14  uart_gsm.o(.data)
    ATgetip                                  0x20000390   Data          13  uart_gsm.o(.data)
    ATlink                                   0x2000039d   Data          16  uart_gsm.o(.data)
    ATsend                                   0x200003ad   Data          15  uart_gsm.o(.data)
    ATstu1                                   0x200003bc   Data          15  uart_gsm.o(.data)
    ATstu2                                   0x200003cb   Data          16  uart_gsm.o(.data)
    DoNothing                                0x200003db   Data           1  uart_gsm.o(.data)
    Clock1s                                  0x200003dc   Data           1  uart_gsm.o(.data)
    Clock100ms                               0x200003dd   Data           1  uart_gsm.o(.data)
    GPRSCrc16Ascii                           0x200003de   Data           4  uart_gsm.o(.data)
    Tx2Read                                  0x200003e2   Data           1  uart_gsm.o(.data)
    CntTx2                                   0x200003e3   Data           1  uart_gsm.o(.data)
    CntRx2                                   0x200003e4   Data           1  uart_gsm.o(.data)
    NbrOfDataToTrans2                        0x200003e5   Data           1  uart_gsm.o(.data)
    NbrOfDataToRead2                         0x200003e6   Data           1  uart_gsm.o(.data)
    Rx2Start                                 0x200003e7   Data           1  uart_gsm.o(.data)
    CntRec2Nms                               0x200003e8   Data           1  uart_gsm.o(.data)
    Cnt2DlyNms                               0x200003e9   Data           1  uart_gsm.o(.data)
    Rx2Read                                  0x200003ea   Data           1  uart_gsm.o(.data)
    U1DrCopy2                                0x200003eb   Data           1  uart_gsm.o(.data)
    ProUSART2                                0x200003ec   Data           1  uart_gsm.o(.data)
    NumPro2                                  0x200003ed   Data           1  uart_gsm.o(.data)
    USART2ErrFlag                            0x200003ee   Data           1  uart_gsm.o(.data)
    USART2OrderMode                          0x200003ef   Data           1  uart_gsm.o(.data)
    USART2OrderWait                          0x200003f0   Data           2  uart_gsm.o(.data)
    USART2OrderTimeOut                       0x200003f2   Data           1  uart_gsm.o(.data)
    USART2OrderErr                           0x200003f3   Data           1  uart_gsm.o(.data)
    EEArray                                  0x20000404   Data         488  flashee.o(.bss)
    TIM_TimeBaseStructure                    0x200005ec   Data          12  init.o(.bss)
    TIM_OCInitStructure                      0x200005f8   Data          20  init.o(.bss)
    APN                                      0x2000060c   Data          20  init.o(.bss)
    USER                                     0x20000620   Data          12  init.o(.bss)
    IPAddr                                   0x2000062c   Data          16  init.o(.bss)
    DeviceID                                 0x2000063c   Data          12  init.o(.bss)
    Tx1Buf                                   0x20000648   Data          40  rs485.o(.bss)
    Rx1Buf                                   0x20000670   Data          40  rs485.o(.bss)
    TimeAscii                                0x20000698   Data          11  rtc.o(.bss)
    TimeAsciiNew                             0x200006a3   Data          11  rtc.o(.bss)
    Tx2Buf                                   0x200006ae   Data          90  uart_gsm.o(.bss)
    Rx2Buf                                   0x20000708   Data          81  uart_gsm.o(.bss)
    GPRSBuf                                  0x20000759   Data          90  uart_gsm.o(.bss)
    crcstr                                   0x200007b3   Data          80  uart_gsm.o(.bss)
    __libspace_start                         0x20000804   Data          96  libspace.o(.bss)
    __temporary_stack_top$libspace           0x20000864   Data           0  libspace.o(.bss)



==============================================================================

Memory Map of the image

  Image Entry point : 0x080000c1

  Load Region LR_IROM1 (Base: 0x08000000, Size: 0x00008774, Max: 0x00010000, ABSOLUTE, COMPRESSED[0x00008524])

    Execution Region ER_IROM1 (Base: 0x08000000, Size: 0x00008370, Max: 0x00010000, ABSOLUTE)

    Base Addr    Size         Type   Attr      Idx    E Section Name        Object

    0x08000000   0x000000c0   Data   RO          700    RESET               startup_stm32f0xx.o
    0x080000c0   0x00000008   Code   RO         3897  * !!!main             c_p.l(__main.o)
    0x080000c8   0x0000003c   Code   RO         4169    !!!scatter          c_p.l(__scatter.o)
    0x08000104   0x0000001c   Code   RO         4171    !!handler_zi        c_p.l(__scatter_zi.o)
    0x08000120   0x00000002   Code   RO         4037    .ARM.Collect$$libinit$$00000000  c_p.l(libinit.o)
    0x08000122   0x00000000   Code   RO         4050    .ARM.Collect$$libinit$$00000002  c_p.l(libinit2.o)
    0x08000122   0x00000000   Code   RO         4052    .ARM.Collect$$libinit$$00000004  c_p.l(libinit2.o)
    0x08000122   0x00000000   Code   RO         4055    .ARM.Collect$$libinit$$0000000A  c_p.l(libinit2.o)
    0x08000122   0x00000000   Code   RO         4057    .ARM.Collect$$libinit$$0000000C  c_p.l(libinit2.o)
    0x08000122   0x00000000   Code   RO         4059    .ARM.Collect$$libinit$$0000000E  c_p.l(libinit2.o)
    0x08000122   0x00000000   Code   RO         4062    .ARM.Collect$$libinit$$00000011  c_p.l(libinit2.o)
    0x08000122   0x00000000   Code   RO         4064    .ARM.Collect$$libinit$$00000013  c_p.l(libinit2.o)
    0x08000122   0x00000000   Code   RO         4066    .ARM.Collect$$libinit$$00000015  c_p.l(libinit2.o)
    0x08000122   0x00000000   Code   RO         4068    .ARM.Collect$$libinit$$00000017  c_p.l(libinit2.o)
    0x08000122   0x00000000   Code   RO         4070    .ARM.Collect$$libinit$$00000019  c_p.l(libinit2.o)
    0x08000122   0x00000000   Code   RO         4072    .ARM.Collect$$libinit$$0000001B  c_p.l(libinit2.o)
    0x08000122   0x00000000   Code   RO         4074    .ARM.Collect$$libinit$$0000001D  c_p.l(libinit2.o)
    0x08000122   0x00000000   Code   RO         4076    .ARM.Collect$$libinit$$0000001F  c_p.l(libinit2.o)
    0x08000122   0x00000000   Code   RO         4078    .ARM.Collect$$libinit$$00000021  c_p.l(libinit2.o)
    0x08000122   0x00000000   Code   RO         4080    .ARM.Collect$$libinit$$00000023  c_p.l(libinit2.o)
    0x08000122   0x00000000   Code   RO         4082    .ARM.Collect$$libinit$$00000025  c_p.l(libinit2.o)
    0x08000122   0x00000000   Code   RO         4086    .ARM.Collect$$libinit$$0000002C  c_p.l(libinit2.o)
    0x08000122   0x00000000   Code   RO         4088    .ARM.Collect$$libinit$$0000002E  c_p.l(libinit2.o)
    0x08000122   0x00000000   Code   RO         4090    .ARM.Collect$$libinit$$00000030  c_p.l(libinit2.o)
    0x08000122   0x00000000   Code   RO         4092    .ARM.Collect$$libinit$$00000032  c_p.l(libinit2.o)
    0x08000122   0x00000002   Code   RO         4093    .ARM.Collect$$libinit$$00000033  c_p.l(libinit2.o)
    0x08000124   0x00000002   Code   RO         4124    .ARM.Collect$$libshutdown$$00000000  c_p.l(libshutdown.o)
    0x08000126   0x00000000   Code   RO         4150    .ARM.Collect$$libshutdown$$00000002  c_p.l(libshutdown2.o)
    0x08000126   0x00000000   Code   RO         4152    .ARM.Collect$$libshutdown$$00000004  c_p.l(libshutdown2.o)
    0x08000126   0x00000000   Code   RO         4155    .ARM.Collect$$libshutdown$$00000007  c_p.l(libshutdown2.o)
    0x08000126   0x00000000   Code   RO         4158    .ARM.Collect$$libshutdown$$0000000A  c_p.l(libshutdown2.o)
    0x08000126   0x00000000   Code   RO         4160    .ARM.Collect$$libshutdown$$0000000C  c_p.l(libshutdown2.o)
    0x08000126   0x00000000   Code   RO         4163    .ARM.Collect$$libshutdown$$0000000F  c_p.l(libshutdown2.o)
    0x08000126   0x00000002   Code   RO         4164    .ARM.Collect$$libshutdown$$00000010  c_p.l(libshutdown2.o)
    0x08000128   0x00000000   Code   RO         3941    .ARM.Collect$$rtentry$$00000000  c_p.l(__rtentry.o)
    0x08000128   0x00000000   Code   RO         3991    .ARM.Collect$$rtentry$$00000002  c_p.l(__rtentry2.o)
    0x08000128   0x00000006   Code   RO         4003    .ARM.Collect$$rtentry$$00000004  c_p.l(__rtentry4.o)
    0x0800012e   0x00000000   Code   RO         3993    .ARM.Collect$$rtentry$$00000009  c_p.l(__rtentry2.o)
    0x0800012e   0x00000004   Code   RO         3994    .ARM.Collect$$rtentry$$0000000A  c_p.l(__rtentry2.o)
    0x08000132   0x00000000   Code   RO         3996    .ARM.Collect$$rtentry$$0000000C  c_p.l(__rtentry2.o)
    0x08000132   0x00000008   Code   RO         3997    .ARM.Collect$$rtentry$$0000000D  c_p.l(__rtentry2.o)
    0x0800013a   0x00000002   Code   RO         4041    .ARM.Collect$$rtexit$$00000000  c_p.l(rtexit.o)
    0x0800013c   0x00000000   Code   RO         4097    .ARM.Collect$$rtexit$$00000002  c_p.l(rtexit2.o)
    0x0800013c   0x00000004   Code   RO         4098    .ARM.Collect$$rtexit$$00000003  c_p.l(rtexit2.o)
    0x08000140   0x00000006   Code   RO         4099    .ARM.Collect$$rtexit$$00000004  c_p.l(rtexit2.o)
    0x08000146   0x00000002   PAD
    0x08000148   0x00000038   Code   RO         3887    .emb_text           c_p.l(rt_memcpy.o)
    0x08000180   0x00000038   Code   RO          701    .text               startup_stm32f0xx.o
    0x080001b8   0x00000014   Code   RO         3883    .text               c_p.l(strchr.o)
    0x080001cc   0x00000028   Code   RO         3885    .text               c_p.l(strstr.o)
    0x080001f4   0x0000015a   Code   RO         3891    .text               c_p.l(aeabi_sdiv.o)
    0x0800034e   0x00000006   Code   RO         3895    .text               c_p.l(heapauxi.o)
    0x08000354   0x00000358   Code   RO         3899    .text               fz_ps.l(daddsub.o)
    0x080006ac   0x00000448   Code   RO         3901    .text               fz_ps.l(ddiv.o)
    0x08000af4   0x0000006c   Code   RO         3904    .text               fz_ps.l(dfixi.o)
    0x08000b60   0x00000048   Code   RO         3906    .text               fz_ps.l(dfixui.o)
    0x08000ba8   0x00000058   Code   RO         3908    .text               fz_ps.l(dflti.o)
    0x08000c00   0x00000248   Code   RO         3912    .text               fz_ps.l(dmul.o)
    0x08000e48   0x00000016   Code   RO         3946    .text               c_p.l(_rserrno.o)
    0x08000e5e   0x00000002   PAD
    0x08000e60   0x00000090   Code   RO         3948    .text               fz_ps.l(dcmpin.o)
    0x08000ef0   0x00000060   Code   RO         3950    .text               fz_ps.l(dscalbn.o)
    0x08000f50   0x00000008   Code   RO         4010    .text               c_p.l(rt_errno_addr_intlibspace.o)
    0x08000f58   0x0000002e   Code   RO         4012    .text               fz_ps.l(cmpret.o)
    0x08000f86   0x00000002   PAD
    0x08000f88   0x00000014   Code   RO         4016    .text               fz_ps.l(dnan2.o)
    0x08000f9c   0x00000100   Code   RO         4018    .text               fz_ps.l(dsqrt.o)
    0x0800109c   0x00000008   Code   RO         4020    .text               c_p.l(libspace.o)
    0x080010a4   0x0000003e   Code   RO         4023    .text               c_p.l(sys_stackheap_outer.o)
    0x080010e2   0x00000010   Code   RO         4026    .text               c_p.l(exit.o)
    0x080010f2   0x0000005e   Code   RO         4038    .text               fz_ps.l(retnan.o)
    0x08001150   0x0000000c   Code   RO         4094    .text               c_p.l(sys_exit.o)
    0x0800115c   0x00000002   Code   RO         4113    .text               c_p.l(use_no_semi.o)
    0x0800115e   0x00000000   Code   RO         4115    .text               c_p.l(indicate_semi.o)
    0x0800115e   0x00000056   Code   RO         4167    .text               c_p.l(__dczerorl2.o)
    0x080011b4   0x0000001c   Code   RO          711    i.ADC_AutoPowerOffCmd  stm32f0xx_adc.o
    0x080011d0   0x00000018   Code   RO          712    i.ADC_ChannelConfig  stm32f0xx_adc.o
    0x080011e8   0x00000018   Code   RO          715    i.ADC_Cmd           stm32f0xx_adc.o
    0x08001200   0x00000020   Code   RO          719    i.ADC_DeInit        stm32f0xx_adc.o
    0x08001220   0x0000003c   Code   RO          721    i.ADC_GetCalibrationFactor  stm32f0xx_adc.o
    0x0800125c   0x00000008   Code   RO          722    i.ADC_GetConversionValue  stm32f0xx_adc.o
    0x08001264   0x00000030   Code   RO          723    i.ADC_GetFlagStatus  stm32f0xx_adc.o
    0x08001294   0x0000002c   Code   RO          726    i.ADC_Init          stm32f0xx_adc.o
    0x080012c0   0x0000000a   Code   RO          729    i.ADC_StartOfConversion  stm32f0xx_adc.o
    0x080012ca   0x0000001c   Code   RO          735    i.ADC_WaitModeCmd   stm32f0xx_adc.o
    0x080012e6   0x00000002   PAD
    0x080012e8   0x00000290   Code   RO            3    i.AlmErr10min       adc_calcu.o
    0x08001578   0x00000148   Code   RO            4    i.AlmErrWat         adc_calcu.o
    0x080016c0   0x00000024   Code   RO          575    i.Ascii2Hex         uart_gsm.o
    0x080016e4   0x00000120   Code   RO            5    i.CatDecAlm         adc_calcu.o
    0x08001804   0x0000005c   Code   RO          351    i.CloseUSART1       rs485.o
    0x08001860   0x00000068   Code   RO          576    i.CloseUSART2       uart_gsm.o
    0x080018c8   0x00000090   Code   RO          577    i.ComUDP            uart_gsm.o
    0x08001958   0x00000024   Code   RO          408    i.ConfigDate        rtc.o
    0x0800197c   0x00000034   Code   RO          411    i.ConfigTime        rtc.o
    0x080019b0   0x00000016   Code   RO          312    i.Delay             main.o
    0x080019c6   0x00000002   PAD
    0x080019c8   0x0000002c   Code   RO          313    i.DelayNms          main.o
    0x080019f4   0x0000004c   Code   RO         1421    i.FLASH_ErasePage   stm32f0xx_flash.o
    0x08001a40   0x0000003c   Code   RO         1424    i.FLASH_GetStatus   stm32f0xx_flash.o
    0x08001a7c   0x00000014   Code   RO         1426    i.FLASH_Lock        stm32f0xx_flash.o
    0x08001a90   0x0000006c   Code   RO         1444    i.FLASH_ProgramWord  stm32f0xx_flash.o
    0x08001afc   0x00000024   Code   RO         1446    i.FLASH_Unlock      stm32f0xx_flash.o
    0x08001b20   0x00000028   Code   RO         1447    i.FLASH_WaitForLastOperation  stm32f0xx_flash.o
    0x08001b48   0x00000028   Code   RO          183    i.FlashEERead       flashee.o
    0x08001b70   0x00000030   Code   RO          184    i.FlashEEWrite      flashee.o
    0x08001ba0   0x00000094   Code   RO         1607    i.GPIO_DeInit       stm32f0xx_gpio.o
    0x08001c34   0x00000090   Code   RO         1608    i.GPIO_Init         stm32f0xx_gpio.o
    0x08001cc4   0x00000044   Code   RO         1609    i.GPIO_PinAFConfig  stm32f0xx_gpio.o
    0x08001d08   0x00000014   Code   RO         1612    i.GPIO_ReadInputDataBit  stm32f0xx_gpio.o
    0x08001d1c   0x00000004   Code   RO         1615    i.GPIO_ResetBits    stm32f0xx_gpio.o
    0x08001d20   0x00000004   Code   RO         1616    i.GPIO_SetBits      stm32f0xx_gpio.o
    0x08001d24   0x000003f0   Code   RO          580    i.GPRSProTrans      uart_gsm.o
    0x08002114   0x0000002c   Code   RO          412    i.GetDate           rtc.o
    0x08002140   0x00000024   Code   RO          414    i.GetTime           rtc.o
    0x08002164   0x000000e0   Code   RO          415    i.GetTimeAscii      rtc.o
    0x08002244   0x00000004   Code   RO          487    i.HardFault_Handler  stm32f0xx_it.o
    0x08002248   0x000001d0   Code   RO            7    i.Hart6Hour         adc_calcu.o
    0x08002418   0x00000024   Code   RO          232    i.InitRun           init.o
    0x0800243c   0x00000154   Code   RO            8    i.Init_ADC          adc_calcu.o
    0x08002590   0x000001ec   Code   RO          233    i.Init_GPIO         init.o
    0x0800277c   0x000000c4   Code   RO          581    i.Init_USART2       uart_gsm.o
    0x08002840   0x00000002   Code   RO          488    i.NMI_Handler       stm32f0xx_it.o
    0x08002842   0x00000002   PAD
    0x08002844   0x00000070   Code   RO         2021    i.NVIC_Init         stm32f0xx_misc.o
    0x080028b4   0x00000078   Code   RO          234    i.NVIC_SetPriority  init.o
    0x0800292c   0x000002bc   Code   RO            9    i.NdAlarmHandle     adc_calcu.o
    0x08002be8   0x00000150   Code   RO           10    i.NdBiaoding        adc_calcu.o
    0x08002d38   0x00000028   Code   RO         2053    i.PWR_BackupAccessCmd  stm32f0xx_pwr.o
    0x08002d60   0x00000002   Code   RO          489    i.PendSV_Handler    stm32f0xx_it.o
    0x08002d62   0x00000002   PAD
    0x08002d64   0x00000038   Code   RO         2127    i.RCC_ADCCLKConfig  stm32f0xx_rcc.o
    0x08002d9c   0x00000020   Code   RO         2128    i.RCC_AHBPeriphClockCmd  stm32f0xx_rcc.o
    0x08002dbc   0x00000020   Code   RO         2129    i.RCC_AHBPeriphResetCmd  stm32f0xx_rcc.o
    0x08002ddc   0x00000020   Code   RO         2130    i.RCC_APB1PeriphClockCmd  stm32f0xx_rcc.o
    0x08002dfc   0x00000020   Code   RO         2131    i.RCC_APB1PeriphResetCmd  stm32f0xx_rcc.o
    0x08002e1c   0x00000020   Code   RO         2132    i.RCC_APB2PeriphClockCmd  stm32f0xx_rcc.o
    0x08002e3c   0x00000020   Code   RO         2133    i.RCC_APB2PeriphResetCmd  stm32f0xx_rcc.o
    0x08002e5c   0x00000020   Code   RO         2134    i.RCC_AdjustHSI14CalibrationValue  stm32f0xx_rcc.o
    0x08002e7c   0x00000020   Code   RO         2135    i.RCC_AdjustHSICalibrationValue  stm32f0xx_rcc.o
    0x08002e9c   0x00000028   Code   RO         2136    i.RCC_BackupResetCmd  stm32f0xx_rcc.o
    0x08002ec4   0x0000001c   Code   RO         2137    i.RCC_CECCLKConfig  stm32f0xx_rcc.o
    0x08002ee0   0x0000016c   Code   RO         2142    i.RCC_GetClocksFreq  stm32f0xx_rcc.o
    0x0800304c   0x00000048   Code   RO         2143    i.RCC_GetFlagStatus  stm32f0xx_rcc.o
    0x08003094   0x00000010   Code   RO         2145    i.RCC_GetSYSCLKSource  stm32f0xx_rcc.o
    0x080030a4   0x00000020   Code   RO         2146    i.RCC_HCLKConfig    stm32f0xx_rcc.o
    0x080030c4   0x00000010   Code   RO         2147    i.RCC_HSEConfig     stm32f0xx_rcc.o
    0x080030d4   0x00000024   Code   RO         2148    i.RCC_HSI14ADCRequestCmd  stm32f0xx_rcc.o
    0x080030f8   0x00000024   Code   RO         2149    i.RCC_HSI14Cmd      stm32f0xx_rcc.o
    0x0800311c   0x00000024   Code   RO         2150    i.RCC_HSICmd        stm32f0xx_rcc.o
    0x08003140   0x0000001c   Code   RO         2151    i.RCC_I2CCLKConfig  stm32f0xx_rcc.o
    0x0800315c   0x00000020   Code   RO         2152    i.RCC_ITConfig      stm32f0xx_rcc.o
    0x0800317c   0x00000028   Code   RO         2153    i.RCC_LSEConfig     stm32f0xx_rcc.o
    0x080031a4   0x0000001c   Code   RO         2154    i.RCC_LSEDriveConfig  stm32f0xx_rcc.o
    0x080031c0   0x00000024   Code   RO         2155    i.RCC_LSICmd        stm32f0xx_rcc.o
    0x080031e4   0x00000024   Code   RO         2157    i.RCC_PCLKConfig    stm32f0xx_rcc.o
    0x08003208   0x00000028   Code   RO         2158    i.RCC_PLLCmd        stm32f0xx_rcc.o
    0x08003230   0x00000024   Code   RO         2159    i.RCC_PLLConfig     stm32f0xx_rcc.o
    0x08003254   0x0000001c   Code   RO         2160    i.RCC_PREDIV1Config  stm32f0xx_rcc.o
    0x08003270   0x00000028   Code   RO         2161    i.RCC_RTCCLKCmd     stm32f0xx_rcc.o
    0x08003298   0x00000010   Code   RO         2162    i.RCC_RTCCLKConfig  stm32f0xx_rcc.o
    0x080032a8   0x0000001c   Code   RO         2163    i.RCC_SYSCLKConfig  stm32f0xx_rcc.o
    0x080032c4   0x0000001c   Code   RO         2164    i.RCC_USARTCLKConfig  stm32f0xx_rcc.o
    0x080032e0   0x0000003c   Code   RO         2165    i.RCC_WaitForHSEStartUp  stm32f0xx_rcc.o
    0x0800331c   0x00000058   Code   RO          416    i.RTCConfig         rtc.o
    0x08003374   0x0000001a   Code   RO         2380    i.RTC_Bcd2ToByte    stm32f0xx_rtc.o
    0x0800338e   0x0000001c   Code   RO         2382    i.RTC_ByteToBcd2    stm32f0xx_rtc.o
    0x080033aa   0x00000002   PAD
    0x080033ac   0x00000024   Code   RO         2386    i.RTC_ClearITPendingBit  stm32f0xx_rtc.o
    0x080033d0   0x00000058   Code   RO         2390    i.RTC_EnterInitMode  stm32f0xx_rtc.o
    0x08003428   0x00000014   Code   RO         2391    i.RTC_ExitInitMode  stm32f0xx_rtc.o
    0x0800343c   0x00000060   Code   RO         2394    i.RTC_GetDate       stm32f0xx_rtc.o
    0x0800349c   0x0000004c   Code   RO         2396    i.RTC_GetITStatus   stm32f0xx_rtc.o
    0x080034e8   0x0000005c   Code   RO         2399    i.RTC_GetTime       stm32f0xx_rtc.o
    0x08003544   0x0000001a   Code   RO          417    i.RTC_IRQHandler    rtc.o
    0x0800355e   0x00000002   PAD
    0x08003560   0x00000058   Code   RO         2403    i.RTC_Init          stm32f0xx_rtc.o
    0x080035b8   0x000000d0   Code   RO         2409    i.RTC_SetDate       stm32f0xx_rtc.o
    0x08003688   0x000000d8   Code   RO         2410    i.RTC_SetTime       stm32f0xx_rtc.o
    0x08003760   0x0000006c   Code   RO         2423    i.RTC_WaitForSynchro  stm32f0xx_rtc.o
    0x080037cc   0x0000001c   Code   RO         2424    i.RTC_WriteBackupRegister  stm32f0xx_rtc.o
    0x080037e8   0x00000568   Code   RO           11    i.ReadADCValue      adc_calcu.o
    0x08003d50   0x000000bc   Code   RO           12    i.ReadBiaoding      adc_calcu.o
    0x08003e0c   0x0000033c   Code   RO          235    i.ReadConfig        init.o
    0x08004148   0x0000026c   Code   RO          236    i.ReadFirstRun      init.o
    0x080043b4   0x00000058   Code   RO          186    i.RefreshEE         flashee.o
    0x0800440c   0x0000008c   Code   RO          237    i.Reinit_RCC_HSE    init.o
    0x08004498   0x00000094   Code   RO          238    i.Reinit_RCC_HSI    init.o
    0x0800452c   0x00000030   Code   RO          187    i.ResetFlashEE      flashee.o
    0x0800455c   0x00000e30   Code   RO          352    i.Rs485             rs485.o
    0x0800538c   0x00000002   Code   RO          490    i.SVC_Handler       stm32f0xx_it.o
    0x0800538e   0x00000002   PAD
    0x08005390   0x00000088   Code   RO          538    i.SetSysClock       system_stm32f0xx.o
    0x08005418   0x00000034   Code   RO          239    i.SysTick_Config    init.o
    0x0800544c   0x00000530   Code   RO          491    i.SysTick_Handler   stm32f0xx_it.o
    0x0800597c   0x0000007c   Code   RO          540    i.SystemInit        system_stm32f0xx.o
    0x080059f8   0x0000002c   Code   RO          240    i.Systick_Init      init.o
    0x08005a24   0x0000001c   Code   RO         2961    i.TIM_Cmd           stm32f0xx_tim.o
    0x08005a40   0x000000e8   Code   RO         2966    i.TIM_DeInit        stm32f0xx_tim.o
    0x08005b28   0x00000014   Code   RO         3008    i.TIM_OCStructInit  stm32f0xx_tim.o
    0x08005b3c   0x00000014   Code   RO         3020    i.TIM_SelectOutputTrigger  stm32f0xx_tim.o
    0x08005b50   0x0000007c   Code   RO         3034    i.TIM_TimeBaseInit  stm32f0xx_tim.o
    0x08005bcc   0x00000012   Code   RO         3035    i.TIM_TimeBaseStructInit  stm32f0xx_tim.o
    0x08005bde   0x00000002   PAD
    0x08005be0   0x00000380   Code   RO          583    i.UDPLink           uart_gsm.o
    0x08005f60   0x000000a4   Code   RO          353    i.USART1Init        rs485.o
    0x08006004   0x000000c4   Code   RO          355    i.USART1VarInit     rs485.o
    0x080060c8   0x00000138   Code   RO          356    i.USART1_IRQHandler  rs485.o
    0x08006200   0x0000008c   Code   RO          584    i.USART2SendStr     uart_gsm.o
    0x0800628c   0x00000088   Code   RO          586    i.USART2VarInit     uart_gsm.o
    0x08006314   0x00000124   Code   RO          587    i.USART2_IRQHandler  uart_gsm.o
    0x08006438   0x00000004   Code   RO         3516    i.USART_ClearFlag   stm32f0xx_usart.o
    0x0800643c   0x00000018   Code   RO         3520    i.USART_Cmd         stm32f0xx_usart.o
    0x08006454   0x00000040   Code   RO         3526    i.USART_DeInit      stm32f0xx_usart.o
    0x08006494   0x00000014   Code   RO         3528    i.USART_GetFlagStatus  stm32f0xx_usart.o
    0x080064a8   0x0000004e   Code   RO         3529    i.USART_GetITStatus  stm32f0xx_usart.o
    0x080064f6   0x00000042   Code   RO         3531    i.USART_ITConfig    stm32f0xx_usart.o
    0x08006538   0x000000d8   Code   RO         3532    i.USART_Init        stm32f0xx_usart.o
    0x08006610   0x00000008   Code   RO         3549    i.USART_SendData    stm32f0xx_usart.o
    0x08006618   0x00000120   Code   RO           13    i.WatDecAlm         adc_calcu.o
    0x08006738   0x0000001c   Code   RO          400    i.__ARM_common_switch8  rs485.o
    0x08006754   0x0000002c   Code   RO         3967    i.__ARM_fpclassify  m_ps.l(fpclassify.o)
    0x08006780   0x000000ac   Code   RO         3979    i.__kernel_poly     m_ps.l(poly.o)
    0x0800682c   0x00000014   Code   RO         3953    i.__mathlib_dbl_divzero  m_ps.l(dunder.o)
    0x08006840   0x0000000a   Code   RO         3954    i.__mathlib_dbl_infnan  m_ps.l(dunder.o)
    0x0800684a   0x00000008   Code   RO         3955    i.__mathlib_dbl_infnan2  m_ps.l(dunder.o)
    0x08006852   0x00000010   Code   RO         3956    i.__mathlib_dbl_invalid  m_ps.l(dunder.o)
    0x08006862   0x00000002   PAD
    0x08006864   0x00000014   Code   RO         3957    i.__mathlib_dbl_overflow  m_ps.l(dunder.o)
    0x08006878   0x00000014   Code   RO         3959    i.__mathlib_dbl_underflow  m_ps.l(dunder.o)
    0x0800688c   0x000002e4   Code   RO          589    i.initGSM           uart_gsm.o
    0x08006b70   0x00000354   Code   RO         3970    i.log               m_ps.l(log.o)
    0x08006ec4   0x000000ec   Code   RO         3924    i.log10             m_ps.l(log10.o)
    0x08006fb0   0x00000198   Code   RO          314    i.main              main.o
    0x08007148   0x000009fc   Code   RO         3932    i.pow               m_ps.l(pow.o)
    0x08007b44   0x00000048   Code   RO         3983    i.sqrt              m_ps.l(sqrt.o)
    0x08007b8c   0x00000024   Code   RO          590    i.turOffGSM         uart_gsm.o
    0x08007bb0   0x00000038   Code   RO          591    i.turnOnGSM         uart_gsm.o
    0x08007be8   0x00000064   Code   RO         4014    x$fpl$deqf          fz_ps.l(deqf.o)
    0x08007c4c   0x00000064   Code   RO         3910    x$fpl$dleqf         fz_ps.l(dlef.o)
    0x08007cb0   0x00000068   Code   RO         3914    x$fpl$drleqf        fz_ps.l(drlef.o)
    0x08007d18   0x00000000   Code   RO         3952    x$fpl$usenofp       fz_ps.l(usenofp.o)
    0x08007d18   0x0000012c   Data   RO           14    .constdata          adc_calcu.o
    0x08007e44   0x0000004c   Data   RO          242    .constdata          init.o
    0x08007e90   0x00000378   Data   RO          593    .constdata          uart_gsm.o
    0x08008208   0x00000080   Data   RO         3902    .constdata          fz_ps.l(ddiv.o)
    0x08008288   0x00000088   Data   RO         3933    .constdata          m_ps.l(pow.o)
    0x08008310   0x00000038   Data   RO         3971    .constdata          m_ps.l(log.o)
    0x08008348   0x00000008   Data   RO         3981    .constdata          m_ps.l(qnan.o)
    0x08008350   0x00000020   Data   RO         4165    Region$$Table       anon$$obj.o


    Execution Region RW_IRAM1 (Base: 0x20000000, Size: 0x00000e68, Max: 0x00002000, ABSOLUTE, COMPRESSED[0x000001b4])

    Base Addr    Size         Type   Attr      Idx    E Section Name        Object

    0x20000000   0x000001c1   Data   RW           15    .data               adc_calcu.o
    0x200001c1   0x00000003   PAD
    0x200001c4   0x00000024   Data   RW          189    .data               flashee.o
    0x200001e8   0x00000017   Data   RW          243    .data               init.o
    0x200001ff   0x00000001   PAD
    0x20000200   0x00000021   Data   RW          315    .data               main.o
    0x20000221   0x00000010   Data   RW          358    .data               rs485.o
    0x20000231   0x00000010   Data   RW          419    .data               rtc.o
    0x20000241   0x00000003   PAD
    0x20000244   0x0000000a   Data   RW          492    .data               stm32f0xx_it.o
    0x2000024e   0x000001a6   Data   RW          594    .data               uart_gsm.o
    0x200003f4   0x00000010   Data   RW         2166    .data               stm32f0xx_rcc.o
    0x20000404   0x000001e8   Zero   RW          188    .bss                flashee.o
    0x200005ec   0x0000005c   Zero   RW          241    .bss                init.o
    0x20000648   0x00000050   Zero   RW          357    .bss                rs485.o
    0x20000698   0x00000016   Zero   RW          418    .bss                rtc.o
    0x200006ae   0x00000155   Zero   RW          592    .bss                uart_gsm.o
    0x20000803   0x00000001   PAD
    0x20000804   0x00000060   Zero   RW         4021    .bss                c_p.l(libspace.o)
    0x20000864   0x00000004   PAD
    0x20000868   0x00000200   Zero   RW          699    HEAP                startup_stm32f0xx.o
    0x20000a68   0x00000400   Zero   RW          698    STACK               startup_stm32f0xx.o


==============================================================================

Image component sizes


      Code (inc. data)   RO Data    RW Data    ZI Data      Debug   Object Name

      4972        506        300        449          0     166692   adc_calcu.o
       224         42          0         36        488       2968   flashee.o
      2480        172         76         23         92      12542   init.o
       474         56          0         33          0       8770   main.o
      4424        410          0         16         80       7117   rs485.o
       506         42          0         16         22       4743   rtc.o
        56         26        192          0       1536        576   startup_stm32f0xx.o
       306          8          0          0          0       5546   stm32f0xx_adc.o
       340         32          0          0          0       3317   stm32f0xx_flash.o
       388         16          0          0          0       3581   stm32f0xx_gpio.o
      1338        126          0         10          0       4403   stm32f0xx_it.o
       112          6          0          0          0        780   stm32f0xx_misc.o
        40          4          0          0          0        454   stm32f0xx_pwr.o
      1464        168          0         16          0      16774   stm32f0xx_rcc.o
      1110         68          0          0          0       8107   stm32f0xx_rtc.o
       442         70          0          0          0       3508   stm32f0xx_tim.o
       480         22          0          0          0       5290   stm32f0xx_usart.o
       260         24          0          0          0       1205   system_stm32f0xx.o
      3784        478        888        422        341      13131   uart_gsm.o

    ----------------------------------------------------------------------
     23216       2276       1488       1028       2560     269504   Object Totals
         0          0         32          0          0          0   (incl. Generated)
        16          0          0          7          1          0   (incl. Padding)

    ----------------------------------------------------------------------

      Code (inc. data)   RO Data    RW Data    ZI Data      Debug   Library Member Name

        86          0          0          0          0          0   __dczerorl2.o
         8          0          0          0          0         68   __main.o
         0          0          0          0          0          0   __rtentry.o
        12          0          0          0          0          0   __rtentry2.o
         6          0          0          0          0          0   __rtentry4.o
        60          8          0          0          0          0   __scatter.o
        28          0          0          0          0          0   __scatter_zi.o
        22          0          0          0          0         92   _rserrno.o
       346          0          0          0          0         92   aeabi_sdiv.o
        16          0          0          0          0         68   exit.o
         6          0          0          0          0        136   heapauxi.o
         0          0          0          0          0          0   indicate_semi.o
         2          0          0          0          0          0   libinit.o
         2          0          0          0          0          0   libinit2.o
         2          0          0          0          0          0   libshutdown.o
         2          0          0          0          0          0   libshutdown2.o
         8          4          0          0         96         68   libspace.o
         8          4          0          0          0         68   rt_errno_addr_intlibspace.o
        56          0          0          0          0         68   rt_memcpy.o
         2          0          0          0          0          0   rtexit.o
        10          0          0          0          0          0   rtexit2.o
        20          0          0          0          0         60   strchr.o
        40          0          0          0          0         72   strstr.o
        12          4          0          0          0         60   sys_exit.o
        62          0          0          0          0         80   sys_stackheap_outer.o
         2          0          0          0          0         68   use_no_semi.o
        46          0          0          0          0         60   cmpret.o
       856         20          0          0          0        208   daddsub.o
       144          4          0          0          0         76   dcmpin.o
      1096         26        128          0          0        112   ddiv.o
       100          4          0          0          0         92   deqf.o
       108         10          0          0          0         72   dfixi.o
        72          4          0          0          0         68   dfixui.o
        88          0          0          0          0         92   dflti.o
       100          4          0          0          0         92   dlef.o
       584         26          0          0          0         84   dmul.o
        20          6          0          0          0         68   dnan2.o
       104          4          0          0          0        104   drlef.o
        96         12          0          0          0         72   dscalbn.o
       256          8          0          0          0         76   dsqrt.o
        94          0          0          0          0         68   retnan.o
         0          0          0          0          0          0   usenofp.o
        94         14          0          0          0        408   dunder.o
        44          4          0          0          0         60   fpclassify.o
       852         62         56          0          0        136   log.o
       236         36          0          0          0         76   log10.o
       172          0          0          0          0         76   poly.o
      2556        196        136          0          0        240   pow.o
         0          0          8          0          0          0   qnan.o
        72          6          0          0          0         76   sqrt.o

    ----------------------------------------------------------------------
      8616        466        328          0        100       3416   Library Totals
         8          0          0          0          4          0   (incl. Padding)

    ----------------------------------------------------------------------

      Code (inc. data)   RO Data    RW Data    ZI Data      Debug   Library Name

       818         20          0          0         96       1000   c_p.l
      3764        128        128          0          0       1344   fz_ps.l
      4026        318        200          0          0       1072   m_ps.l

    ----------------------------------------------------------------------
      8616        466        328          0        100       3416   Library Totals

    ----------------------------------------------------------------------

==============================================================================


      Code (inc. data)   RO Data    RW Data    ZI Data      Debug   

     31832       2742       1816       1028       2660     265216   Grand Totals
     31832       2742       1816        436       2660     265216   ELF Image Totals (compressed)
     31832       2742       1816        436          0          0   ROM Totals

==============================================================================

    Total RO  Size (Code + RO Data)                33648 (  32.86kB)
    Total RW  Size (RW Data + ZI Data)              3688 (   3.60kB)
    Total ROM Size (Code + RO Data + RW Data)      34084 (  33.29kB)

==============================================================================

